Archive member included to satisfy reference by file (symbol)

/home/yuggo/esp/workspace/BNO055/build/cxx/libcxx.a(cxx_guards.o)
                              (__cxa_guard_dummy)
/home/yuggo/esp/workspace/BNO055/build/esp32/libesp32.a(panic.o)
                              /home/yuggo/esp/workspace/BNO055/build/cxx/libcxx.a(cxx_guards.o) (abort)
/home/yuggo/esp/workspace/BNO055/build/esp32/libesp32.a(system_api.o)
                              /home/yuggo/esp/workspace/BNO055/build/esp32/libesp32.a(panic.o) (esp_restart_noos)
/home/yuggo/esp/workspace/BNO055/build/esp32/libesp32.a(cpu_start.o)
                              (call_start_cpu0)
/home/yuggo/esp/workspace/BNO055/build/esp32/libesp32.a(cache_err_int.o)
                              /home/yuggo/esp/workspace/BNO055/build/esp32/libesp32.a(cpu_start.o) (esp_cache_err_int_init)
/home/yuggo/esp/workspace/BNO055/build/esp32/libesp32.a(ipc.o)
                              /home/yuggo/esp/workspace/BNO055/build/esp32/libesp32.a(cpu_start.o) (esp_ipc_init)
/home/yuggo/esp/workspace/BNO055/build/esp32/libesp32.a(heap_alloc_caps.o)
                              /home/yuggo/esp/workspace/BNO055/build/esp32/libesp32.a(cpu_start.o) (heap_alloc_enable_nonos_stack_tag)
/home/yuggo/esp/workspace/BNO055/build/esp32/libesp32.a(dport_access.o)
                              /home/yuggo/esp/workspace/BNO055/build/esp32/libesp32.a(cpu_start.o) (esp_dport_access_int_init)
/home/yuggo/esp/workspace/BNO055/build/esp32/libesp32.a(int_wdt.o)
                              /home/yuggo/esp/workspace/BNO055/build/esp32/libesp32.a(cpu_start.o) (esp_int_wdt_init)
/home/yuggo/esp/workspace/BNO055/build/esp32/libesp32.a(task_wdt.o)
                              /home/yuggo/esp/workspace/BNO055/build/esp32/libesp32.a(cpu_start.o) (esp_task_wdt_init)
/home/yuggo/esp/workspace/BNO055/build/esp32/libesp32.a(clk.o)
                              /home/yuggo/esp/workspace/BNO055/build/esp32/libesp32.a(cpu_start.o) (esp_clk_init)
/home/yuggo/esp/workspace/BNO055/build/esp32/libesp32.a(freertos_hooks.o)
                              /home/yuggo/esp/workspace/BNO055/build/esp32/libesp32.a(task_wdt.o) (esp_register_freertos_idle_hook)
/home/yuggo/esp/workspace/BNO055/build/esp32/libesp32.a(crosscore_int.o)
                              /home/yuggo/esp/workspace/BNO055/build/esp32/libesp32.a(cpu_start.o) (esp_crosscore_int_init)
/home/yuggo/esp/workspace/BNO055/build/esp32/libesp32.a(intr_alloc.o)
                              /home/yuggo/esp/workspace/BNO055/build/esp32/libesp32.a(task_wdt.o) (esp_intr_alloc)
/home/yuggo/esp/esp-idf/components/esp32/libhal.a(int_asm--set_intclear.o)
                              /home/yuggo/esp/workspace/BNO055/build/esp32/libesp32.a(intr_alloc.o) (xthal_set_intclear)
/home/yuggo/esp/workspace/BNO055/build/freertos/libfreertos.a(xtensa_intr.o)
                              /home/yuggo/esp/workspace/BNO055/build/esp32/libesp32.a(intr_alloc.o) (xt_unhandled_interrupt)
/home/yuggo/esp/workspace/BNO055/build/freertos/libfreertos.a(queue.o)
                              /home/yuggo/esp/workspace/BNO055/build/esp32/libesp32.a(ipc.o) (xQueueGenericCreate)
/home/yuggo/esp/workspace/BNO055/build/freertos/libfreertos.a(list.o)
                              /home/yuggo/esp/workspace/BNO055/build/freertos/libfreertos.a(queue.o) (vListInitialise)
/home/yuggo/esp/workspace/BNO055/build/freertos/libfreertos.a(port.o)
                              /home/yuggo/esp/workspace/BNO055/build/esp32/libesp32.a(cpu_start.o) (port_xSchedulerRunning)
/home/yuggo/esp/workspace/BNO055/build/freertos/libfreertos.a(heap_regions.o)
                              /home/yuggo/esp/workspace/BNO055/build/esp32/libesp32.a(heap_alloc_caps.o) (pvPortMallocTagged)
/home/yuggo/esp/workspace/BNO055/build/freertos/libfreertos.a(tasks.o)
                              /home/yuggo/esp/workspace/BNO055/build/esp32/libesp32.a(system_api.o) (vTaskSuspendAll)
/home/yuggo/esp/workspace/BNO055/build/freertos/libfreertos.a(timers.o)
                              /home/yuggo/esp/workspace/BNO055/build/freertos/libfreertos.a(tasks.o) (xTimerCreateTimerTask)
/home/yuggo/esp/workspace/BNO055/build/freertos/libfreertos.a(FreeRTOS-openocd.o)
                              (uxTopUsedPriority)
/home/yuggo/esp/workspace/BNO055/build/freertos/libfreertos.a(xtensa_intr_asm.o)
                              /home/yuggo/esp/workspace/BNO055/build/esp32/libesp32.a(intr_alloc.o) (_xt_interrupt_table)
/home/yuggo/esp/workspace/BNO055/build/freertos/libfreertos.a(xtensa_context.o)
                              /home/yuggo/esp/workspace/BNO055/build/freertos/libfreertos.a(port.o) (_xt_coproc_init)
/home/yuggo/esp/workspace/BNO055/build/freertos/libfreertos.a(xtensa_vectors.o)
                              /home/yuggo/esp/workspace/BNO055/build/freertos/libfreertos.a(port.o) (_xt_user_exit)
/home/yuggo/esp/workspace/BNO055/build/freertos/libfreertos.a(portasm.o)
[...]
Memory Configuration

Name             Origin             Length             Attributes
iram0_0_seg      0x0000000040080000 0x0000000000020000 xr
iram0_2_seg      0x00000000400d0018 0x0000000000330000 xr
dram0_0_seg      0x000000003ffb0000 0x0000000000050000 rw
drom0_0_seg      0x000000003f400010 0x0000000000800000 r
rtc_iram_seg     0x00000000400c0000 0x0000000000002000 xrw
rtc_slow_seg     0x0000000050000000 0x0000000000001000 rw
*default*        0x0000000000000000 0xffffffffffffffff

Linker script and memory map

START GROUP
LOAD /home/yuggo/esp/workspace/BNO055/build/app_trace/libapp_trace.a
LOAD /home/yuggo/esp/workspace/BNO055/build/app_update/libapp_update.a
LOAD /home/yuggo/esp/workspace/BNO055/build/bootloader_support/libbootloader_support.a
LOAD /home/yuggo/esp/workspace/BNO055/build/bt/libbt.a
LOAD /home/yuggo/esp/workspace/BNO055/build/coap/libcoap.a
LOAD /home/yuggo/esp/workspace/BNO055/build/cxx/libcxx.a
LOAD /home/yuggo/esp/workspace/BNO055/build/driver/libdriver.a
LOAD /home/yuggo/esp/workspace/BNO055/build/esp32/libesp32.a
LOAD /home/yuggo/esp/esp-idf/components/esp32/libhal.a
LOAD /home/yuggo/esp/esp-idf/components/esp32/lib/libcore.a
LOAD /home/yuggo/esp/esp-idf/components/esp32/lib/librtc.a
LOAD /home/yuggo/esp/esp-idf/components/esp32/lib/libphy.a
LOAD /home/yuggo/esp/esp-idf/components/esp32/lib/libcoexist.a
LOAD /home/yuggo/esp/esp-idf/components/esp32/lib/libnet80211.a
LOAD /home/yuggo/esp/esp-idf/components/esp32/lib/libpp.a
LOAD /home/yuggo/esp/esp-idf/components/esp32/lib/libwpa.a
LOAD /home/yuggo/esp/esp-idf/components/esp32/lib/libsmartconfig.a
LOAD /home/yuggo/esp/esp-idf/components/esp32/lib/libcoexist.a
LOAD /home/yuggo/esp/esp-idf/components/esp32/lib/libwps.a
LOAD /home/yuggo/esp/esp-idf/components/esp32/lib/libwpa2.a
LOAD /home/yuggo/esp/workspace/BNO055/build/ethernet/libethernet.a
LOAD /home/yuggo/esp/workspace/BNO055/build/expat/libexpat.a
LOAD /home/yuggo/esp/workspace/BNO055/build/fatfs/libfatfs.a
LOAD /home/yuggo/esp/workspace/BNO055/build/freertos/libfreertos.a
LOAD /home/yuggo/esp/workspace/BNO055/build/jsmn/libjsmn.a
LOAD /home/yuggo/esp/workspace/BNO055/build/json/libjson.a
LOAD /home/yuggo/esp/workspace/BNO055/build/libsodium/liblibsodium.a
LOAD /home/yuggo/esp/workspace/BNO055/build/log/liblog.a
LOAD /home/yuggo/esp/workspace/BNO055/build/lwip/liblwip.a
LOAD /home/yuggo/esp/workspace/BNO055/build/mbedtls/libmbedtls.a
LOAD /home/yuggo/esp/workspace/BNO055/build/mdns/libmdns.a
LOAD /home/yuggo/esp/workspace/BNO055/build/micro-ecc/libmicro-ecc.a
LOAD /home/yuggo/esp/esp-idf/components/newlib/lib/libc.a
LOAD /home/yuggo/esp/esp-idf/components/newlib/lib/libm.a
LOAD /home/yuggo/esp/workspace/BNO055/build/newlib/libnewlib.a
LOAD /home/yuggo/esp/workspace/BNO055/build/nghttp/libnghttp.a
LOAD /home/yuggo/esp/workspace/BNO055/build/nvs_flash/libnvs_flash.a
LOAD /home/yuggo/esp/workspace/BNO055/build/openssl/libopenssl.a
LOAD /home/yuggo/esp/workspace/BNO055/build/sdmmc/libsdmmc.a
LOAD /home/yuggo/esp/workspace/BNO055/build/soc/libsoc.a
LOAD /home/yuggo/esp/workspace/BNO055/build/spi_flash/libspi_flash.a
LOAD /home/yuggo/esp/workspace/BNO055/build/tcpip_adapter/libtcpip_adapter.a
LOAD /home/yuggo/esp/workspace/BNO055/build/ulp/libulp.a
LOAD /home/yuggo/esp/workspace/BNO055/build/vfs/libvfs.a
LOAD /home/yuggo/esp/workspace/BNO055/build/wear_levelling/libwear_levelling.a
LOAD /home/yuggo/esp/workspace/BNO055/build/wpa_supplicant/libwpa_supplicant.a
LOAD /home/yuggo/esp/workspace/BNO055/build/xtensa-debug-module/libxtensa-debug-module.a
LOAD /home/yuggo/esp/workspace/BNO055/build/main/libmain.a
LOAD /home/yuggo/esp/xtensa-esp32-elf/bin/../lib/gcc/xtensa-esp32-elf/5.2.0/libgcc.a
LOAD /home/yuggo/esp/xtensa-esp32-elf/bin/../lib/gcc/xtensa-esp32-elf/5.2.0/../../../../xtensa-esp32-elf/lib/libstdc++.a
END GROUP
                0x0000000040000000                _heap_end = 0x40000000

.rtc.text       0x00000000400c0000        0x0
                0x00000000400c0000                . = ALIGN (0x4)
 *(.rtc.literal .rtc.text)
 *rtc_wake_stub*.o(.literal .text .literal.* .text.*)

.rtc.data       0x0000000050000000        0x0
                0x0000000050000000                _rtc_data_start = ABSOLUTE (.)
 *(.rtc.data)
 *(.rtc.rodata)
 *rtc_wake_stub*.o(.data .rodata .data.* .rodata.* .bss .bss.*)
                0x0000000050000000                _rtc_data_end = ABSOLUTE (.)

.rtc.bss        0x0000000050000000        0x0
                0x0000000050000000                _rtc_bss_start = ABSOLUTE (.)
 *rtc_wake_stub*.o(.bss .bss.*)
 *rtc_wake_stub*.o(COMMON)
                0x0000000050000000                _rtc_bss_end = ABSOLUTE (.)

.iram0.vectors  0x0000000040080000      0x400
                0x0000000040080000                _init_start = ABSOLUTE (.)
                0x0000000000000000                . = 0x0
 *(.WindowVectors.text)
 .WindowVectors.text
                0x0000000040080000      0x16a /home/yuggo/esp/workspace/BNO055/build/freertos/libfreertos.a(xtensa_vectors.o)
                0x0000000040080000                _WindowOverflow4
                0x0000000040080040                _WindowUnderflow4
                0x0000000040080050                _xt_alloca_exc
                0x0000000040080080                _WindowOverflow8
                0x00000000400800c0                _WindowUnderflow8
                0x0000000040080100                _WindowOverflow12
                0x0000000040080140                _WindowUnderflow12
                0x0000000000000180                . = 0x180
 *fill*         0x000000004008016a       0x16 
 *(.Level2InterruptVector.text)
 .Level2InterruptVector.text
                0x0000000040080180        0x6 /home/yuggo/esp/workspace/BNO055/build/freertos/libfreertos.a(xtensa_vectors.o)
                0x0000000040080180                _Level2Vector
                0x00000000000001c0                . = 0x1c0
 *fill*         0x0000000040080186       0x3a 
 *(.Level3InterruptVector.text)
 .Level3InterruptVector.text
                0x00000000400801c0        0x6 /home/yuggo/esp/workspace/BNO055/build/freertos/libfreertos.a(xtensa_vectors.o)
                0x00000000400801c0                _Level3Vector
                0x0000000000000200                . = 0x200
 *fill*         0x00000000400801c6       0x3a 
 *(.Level4InterruptVector.text)
 .Level4InterruptVector.text
                0x0000000040080200        0x6 /home/yuggo/esp/workspace/BNO055/build/freertos/libfreertos.a(xtensa_vectors.o)
                0x0000000040080200                _Level4Vector
                0x0000000000000240                . = 0x240
 *fill*         0x0000000040080206       0x3a 
 *(.Level5InterruptVector.text)
 .Level5InterruptVector.text
                0x0000000040080240        0x6 /home/yuggo/esp/workspace/BNO055/build/freertos/libfreertos.a(xtensa_vectors.o)
                0x0000000040080240                _Level5Vector
                0x0000000000000280                . = 0x280
 *fill*         0x0000000040080246       0x3a 
 *(.DebugExceptionVector.text)
 .DebugExceptionVector.text
                0x0000000040080280        0xf /home/yuggo/esp/workspace/BNO055/build/freertos/libfreertos.a(xtensa_vectors.o)
                0x0000000040080280                _DebugExceptionVector
                0x00000000000002c0                . = 0x2c0
 *fill*         0x000000004008028f       0x31 
 *(.NMIExceptionVector.text)
 .NMIExceptionVector.text
                0x00000000400802c0        0x6 /home/yuggo/esp/workspace/BNO055/build/freertos/libfreertos.a(xtensa_vectors.o)
                0x00000000400802c0                _NMIExceptionVector
                0x0000000000000300                . = 0x300
 *fill*         0x00000000400802c6       0x3a 
 *(.KernelExceptionVector.text)
 .KernelExceptionVector.text
                0x0000000040080300        0x6 /home/yuggo/esp/workspace/BNO055/build/freertos/libfreertos.a(xtensa_vectors.o)
                0x0000000040080300                _KernelExceptionVector
                0x0000000000000340                . = 0x340
 *fill*         0x0000000040080306       0x3a 
 *(.UserExceptionVector.text)
 .UserExceptionVector.text
                0x0000000040080340        0x6 /home/yuggo/esp/workspace/BNO055/build/freertos/libfreertos.a(xtensa_vectors.o)
                0x0000000040080340                _UserExceptionVector
                0x00000000000003c0                . = 0x3c0
 *fill*         0x0000000040080346       0x7a 
 *(.DoubleExceptionVector.text)
 .DoubleExceptionVector.text
                0x00000000400803c0        0xf /home/yuggo/esp/workspace/BNO055/build/freertos/libfreertos.a(xtensa_vectors.o)
                0x00000000400803c0                _DoubleExceptionVector
                0x0000000000000400                . = 0x400
 *fill*         0x00000000400803cf       0x31 
 *(.*Vector.literal)
 *(.UserEnter.literal)
 *(.UserEnter.text)
                0x0000000040080400                . = ALIGN (0x10)
 *(.entry.text)
 *(.init.literal)
 *(.init)
                0x0000000040080400                _init_end = ABSOLUTE (.)
                0x0000000000000000                _iram_start = 0x0

.iram0.text     0x0000000040080400     0x7bb0
                0x0000000040080400                _iram_text_start = ABSOLUTE (.)
 *(.iram1 .iram1.*)
 .iram1.literal
                0x0000000040080400       0x44 /home/yuggo/esp/workspace/BNO055/build/esp32/libesp32.a(system_api.o)
                                         0x64 (size before relaxing)
 .iram1.literal
                0x0000000040080444       0xa4 /home/yuggo/esp/workspace/BNO055/build/esp32/libesp32.a(cpu_start.o)
                                        0x17c (size before relaxing)
 .iram1.literal
                0x00000000400804e8        0xc /home/yuggo/esp/workspace/BNO055/build/esp32/libesp32.a(cache_err_int.o)
 .iram1.literal
                0x00000000400804f4       0x20 /home/yuggo/esp/workspace/BNO055/build/esp32/libesp32.a(ipc.o)
                                         0x34 (size before relaxing)
 .iram1.literal
                0x0000000040080514       0x34 /home/yuggo/esp/workspace/BNO055/build/esp32/libesp32.a(dport_access.o)
                                         0x54 (size before relaxing)
 .iram1.literal
                0x0000000040080548        0x4 /home/yuggo/esp/workspace/BNO055/build/esp32/libesp32.a(int_wdt.o)
                                          0xc (size before relaxing)
 .iram1.literal
                0x000000004008054c        0x8 /home/yuggo/esp/workspace/BNO055/build/esp32/libesp32.a(clk.o)
 .iram1.literal
                0x0000000040080554        0x4 /home/yuggo/esp/workspace/BNO055/build/esp32/libesp32.a(freertos_hooks.o)
 .iram1.literal
                0x0000000040080558       0x1c /home/yuggo/esp/workspace/BNO055/build/esp32/libesp32.a(crosscore_int.o)
                                         0x40 (size before relaxing)
 .iram1.literal
                0x0000000040080574       0x14 /home/yuggo/esp/workspace/BNO055/build/esp32/libesp32.a(intr_alloc.o)
                                         0x5c (size before relaxing)
 .iram1.literal
                0x0000000040080588       0x50 /home/yuggo/esp/workspace/BNO055/build/freertos/libfreertos.a(xtensa_vectors.o)
                                         0x80 (size before relaxing)
 .iram1.literal
                0x00000000400805d8       0x28 /home/yuggo/esp/workspace/BNO055/build/log/liblog.a(log.o)
                                         0x48 (size before relaxing)
 .iram1.literal
                0x0000000040080600       0x1c /home/yuggo/esp/workspace/BNO055/build/newlib/libnewlib.a(time.o)
                                         0x34 (size before relaxing)
 .iram1.literal
                0x000000004008061c        0x8 /home/yuggo/esp/workspace/BNO055/build/newlib/libnewlib.a(reent_init.o)
                                         0x10 (size before relaxing)
 .iram1.literal
                0x0000000040080624        0x0 /home/yuggo/esp/workspace/BNO055/build/newlib/libnewlib.a(syscalls.o)
                                         0x20 (size before relaxing)
 .iram1.literal
                0x0000000040080624       0x14 /home/yuggo/esp/workspace/BNO055/build/newlib/libnewlib.a(locks.o)
                                         0x90 (size before relaxing)
 .iram1.literal
                0x0000000040080638       0x18 /home/yuggo/esp/workspace/BNO055/build/soc/libsoc.a(cpu_util.o)
                                         0x2c (size before relaxing)
 .iram1.literal
                0x0000000040080650       0x4c /home/yuggo/esp/workspace/BNO055/build/spi_flash/libspi_flash.a(cache_utils.o)
                                        0x140 (size before relaxing)
 .iram1.literal
                0x000000004008069c       0x2c /home/yuggo/esp/workspace/BNO055/build/spi_flash/libspi_flash.a(flash_ops.o)
                                         0xb4 (size before relaxing)
 .iram1.literal
                0x00000000400806c8       0x48 /home/yuggo/esp/workspace/BNO055/build/spi_flash/libspi_flash.a(flash_mmap.o)
                                         0xd4 (size before relaxing)
 .iram1.literal
                0x0000000040080710       0x30 /home/yuggo/esp/workspace/BNO055/build/vfs/libvfs.a(vfs_uart.o)
                                         0x88 (size before relaxing)
 .iram1.literal
                0x0000000040080740       0x28 /home/yuggo/esp/workspace/BNO055/build/driver/libdriver.a(i2c.o)
                                         0x48 (size before relaxing)
 .literal.xt_unhandled_interrupt
                0x0000000040080768        0x4 /home/yuggo/esp/workspace/BNO055/build/freertos/libfreertos.a(xtensa_intr.o)
                                          0x8 (size before relaxing)
 .literal.xt_set_interrupt_handler
                0x000000004008076c        0x8 /home/yuggo/esp/workspace/BNO055/build/freertos/libfreertos.a(xtensa_intr.o)
                                          0xc (size before relaxing)
 .literal.prvIsQueueFull
                0x0000000040080774        0x0 /home/yuggo/esp/workspace/BNO055/build/freertos/libfreertos.a(queue.o)
                                          0x8 (size before relaxing)
 .literal.prvCopyDataToQueue
                0x0000000040080774        0x0 /home/yuggo/esp/workspace/BNO055/build/freertos/libfreertos.a(queue.o)
                                          0xc (size before relaxing)
 .literal.prvNotifyQueueSetContainer
                0x0000000040080774       0x14 /home/yuggo/esp/workspace/BNO055/build/freertos/libfreertos.a(queue.o)
                                         0x2c (size before relaxing)
 .literal.prvCopyDataFromQueue
                0x0000000040080788        0x0 /home/yuggo/esp/workspace/BNO055/build/freertos/libfreertos.a(queue.o)
                                          0x4 (size before relaxing)
 .literal.xQueueGenericReset
                0x0000000040080788        0x4 /home/yuggo/esp/workspace/BNO055/build/freertos/libfreertos.a(queue.o)
                                         0x30 (size before relaxing)
 .literal.prvInitialiseNewQueue
                0x000000004008078c        0x0 /home/yuggo/esp/workspace/BNO055/build/freertos/libfreertos.a(queue.o)
                                          0x4 (size before relaxing)
 .literal.xQueueGenericCreate
                0x000000004008078c        0x4 /home/yuggo/esp/workspace/BNO055/build/freertos/libfreertos.a(queue.o)
                                         0x1c (size before relaxing)
 .literal.xQueueGetMutexHolder
                0x0000000040080790        0x0 /home/yuggo/esp/workspace/BNO055/build/freertos/libfreertos.a(queue.o)
                                          0x8 (size before relaxing)
 .literal.xQueueGenericSend
                0x0000000040080790        0x4 /home/yuggo/esp/workspace/BNO055/build/freertos/libfreertos.a(queue.o)
                                         0x7c (size before relaxing)
 .literal.prvInitialiseMutex
                0x0000000040080794        0x0 /home/yuggo/esp/workspace/BNO055/build/freertos/libfreertos.a(queue.o)
                                          0x8 (size before relaxing)
 .literal.xQueueCreateMutex
                0x0000000040080794        0x0 /home/yuggo/esp/workspace/BNO055/build/freertos/libfreertos.a(queue.o)
                                          0x8 (size before relaxing)
 .literal.xQueueGiveMutexRecursive
                0x0000000040080794        0x4 /home/yuggo/esp/workspace/BNO055/build/freertos/libfreertos.a(queue.o)
                                         0x1c (size before relaxing)
 .literal.xQueueGenericSendFromISR
                0x0000000040080798        0x4 /home/yuggo/esp/workspace/BNO055/build/freertos/libfreertos.a(queue.o)
                                         0x3c (size before relaxing)
 .literal.xQueueGiveFromISR
                0x000000004008079c        0x4 /home/yuggo/esp/workspace/BNO055/build/freertos/libfreertos.a(queue.o)
                                         0x30 (size before relaxing)
 .literal.xQueueGenericReceive
                0x00000000400807a0        0x4 /home/yuggo/esp/workspace/BNO055/build/freertos/libfreertos.a(queue.o)
                                         0x78 (size before relaxing)
 .literal.xQueueTakeMutexRecursive
                0x00000000400807a4        0x4 /home/yuggo/esp/workspace/BNO055/build/freertos/libfreertos.a(queue.o)
                                         0x1c (size before relaxing)
 .literal.xQueueReceiveFromISR
                0x00000000400807a8        0x4 /home/yuggo/esp/workspace/BNO055/build/freertos/libfreertos.a(queue.o)
                                         0x30 (size before relaxing)
 .literal.vQueueDelete
                0x00000000400807ac        0x4 /home/yuggo/esp/workspace/BNO055/build/freertos/libfreertos.a(queue.o)
                                         0x18 (size before relaxing)
 .literal.vQueueWaitForMessageRestricted
                0x00000000400807b0        0x0 /home/yuggo/esp/workspace/BNO055/build/freertos/libfreertos.a(queue.o)
                                          0xc (size before relaxing)
 .literal.pxPortInitialiseStack
                0x00000000400807b0        0x4 /home/yuggo/esp/workspace/BNO055/build/freertos/libfreertos.a(port.o)
                                          0x8 (size before relaxing)
 .literal.xPortStartScheduler
                0x00000000400807b4        0x0 /home/yuggo/esp/workspace/BNO055/build/freertos/libfreertos.a(port.o)
                                         0x14 (size before relaxing)
 .literal.xPortSysTickHandler
                0x00000000400807b4        0x0 /home/yuggo/esp/workspace/BNO055/build/freertos/libfreertos.a(port.o)
                                          0x8 (size before relaxing)
 .literal.vPortYieldOtherCore
                0x00000000400807b4        0x0 /home/yuggo/esp/workspace/BNO055/build/freertos/libfreertos.a(port.o)
                                          0x4 (size before relaxing)
 .literal.vPortReleaseTaskMPUSettings
                0x00000000400807b4        0x0 /home/yuggo/esp/workspace/BNO055/build/freertos/libfreertos.a(port.o)
                                          0x4 (size before relaxing)
 .literal.xPortInIsrContext
                0x00000000400807b4        0x4 /home/yuggo/esp/workspace/BNO055/build/freertos/libfreertos.a(port.o)
                                          0x8 (size before relaxing)
 .literal.vPortCPUInitializeMutex
                0x00000000400807b8        0x4 /home/yuggo/esp/workspace/BNO055/build/freertos/libfreertos.a(port.o)
 .literal.vPortCPUAcquireMutex
                0x00000000400807bc        0x8 /home/yuggo/esp/workspace/BNO055/build/freertos/libfreertos.a(port.o)
                                         0x10 (size before relaxing)
 .literal.vPortCPUReleaseMutex
                0x00000000400807c4        0x0 /home/yuggo/esp/workspace/BNO055/build/freertos/libfreertos.a(port.o)
                                         0x10 (size before relaxing)
 .literal.vPortFirstTaskHook
                0x00000000400807c4        0x0 /home/yuggo/esp/workspace/BNO055/build/freertos/libfreertos.a(port.o)
                                          0x4 (size before relaxing)
 .literal.prvInsertBlockIntoFreeList
                0x00000000400807c4       0x14 /home/yuggo/esp/workspace/BNO055/build/freertos/libfreertos.a(heap_regions.o)
 .literal.pvPortMallocTagged
                0x00000000400807d8       0x20 /home/yuggo/esp/workspace/BNO055/build/freertos/libfreertos.a(heap_regions.o)
                                         0x44 (size before relaxing)
 .literal.vPortFreeTagged
                0x00000000400807f8        0x4 /home/yuggo/esp/workspace/BNO055/build/freertos/libfreertos.a(heap_regions.o)
                                         0x38 (size before relaxing)
 .literal.vPortDefineHeapRegionsTagged
                0x00000000400807fc        0x4 /home/yuggo/esp/workspace/BNO055/build/freertos/libfreertos.a(heap_regions.o)
                                         0x64 (size before relaxing)
 .literal.prvResetNextTaskUnblockTime
                0x0000000040080800        0x8 /home/yuggo/esp/workspace/BNO055/build/freertos/libfreertos.a(tasks.o)
 .literal.prvInitialiseNewTask
                0x0000000040080808        0x0 /home/yuggo/esp/workspace/BNO055/build/freertos/libfreertos.a(tasks.o)
                                         0x18 (size before relaxing)
 .literal.prvInitialiseTaskLists
                0x0000000040080808       0x20 /home/yuggo/esp/workspace/BNO055/build/freertos/libfreertos.a(tasks.o)
                                         0x40 (size before relaxing)
 .literal.prvAddCurrentTaskToDelayedList
                0x0000000040080828        0x4 /home/yuggo/esp/workspace/BNO055/build/freertos/libfreertos.a(tasks.o)
                                         0x1c (size before relaxing)
 .literal.prvDeleteTCB
                0x000000004008082c       0x10 /home/yuggo/esp/workspace/BNO055/build/freertos/libfreertos.a(tasks.o)
                                         0x2c (size before relaxing)
 .literal.taskYIELD_OTHER_CORE
                0x000000004008083c        0x0 /home/yuggo/esp/workspace/BNO055/build/freertos/libfreertos.a(tasks.o)
                                         0x10 (size before relaxing)
 .literal.vTaskSuspendAll
                0x000000004008083c        0x4 /home/yuggo/esp/workspace/BNO055/build/freertos/libfreertos.a(tasks.o)
                                          0x8 (size before relaxing)
 .literal.vTaskSwitchContext
                0x0000000040080840       0x18 /home/yuggo/esp/workspace/BNO055/build/freertos/libfreertos.a(tasks.o)
                                         0x3c (size before relaxing)
 .literal.vTaskSetTimeOutState
                0x0000000040080858        0xc /home/yuggo/esp/workspace/BNO055/build/freertos/libfreertos.a(tasks.o)
                                         0x20 (size before relaxing)
 .literal.xTaskGetCurrentTaskHandle
                0x0000000040080864        0x0 /home/yuggo/esp/workspace/BNO055/build/freertos/libfreertos.a(tasks.o)
                                          0x8 (size before relaxing)
 .literal.__getreent
                0x0000000040080864        0x0 /home/yuggo/esp/workspace/BNO055/build/freertos/libfreertos.a(tasks.o)
                                          0x8 (size before relaxing)
 .literal.pcTaskGetTaskName
                0x0000000040080864        0x8 /home/yuggo/esp/workspace/BNO055/build/freertos/libfreertos.a(tasks.o)
                                         0x1c (size before relaxing)
 .literal.xTaskGetAffinity
                0x000000004008086c        0x0 /home/yuggo/esp/workspace/BNO055/build/freertos/libfreertos.a(tasks.o)
                                          0x4 (size before relaxing)
 .literal.xTaskGetCurrentTaskHandleForCPU
                0x000000004008086c        0x0 /home/yuggo/esp/workspace/BNO055/build/freertos/libfreertos.a(tasks.o)
                                          0x4 (size before relaxing)
 .literal.xTaskGetSchedulerState
                0x000000004008086c        0x4 /home/yuggo/esp/workspace/BNO055/build/freertos/libfreertos.a(tasks.o)
                                          0xc (size before relaxing)
 .literal.vTaskEnterCritical
                0x0000000040080870        0x0 /home/yuggo/esp/workspace/BNO055/build/freertos/libfreertos.a(tasks.o)
                                          0xc (size before relaxing)
 .literal.vTaskExitCritical
                0x0000000040080870        0x0 /home/yuggo/esp/workspace/BNO055/build/freertos/libfreertos.a(tasks.o)
                                         0x10 (size before relaxing)
 .literal.prvAddNewTaskToReadyList
                0x0000000040080870       0x10 /home/yuggo/esp/workspace/BNO055/build/freertos/libfreertos.a(tasks.o)
                                         0x5c (size before relaxing)
 .literal.xTaskCreatePinnedToCore
                0x0000000040080880        0x0 /home/yuggo/esp/workspace/BNO055/build/freertos/libfreertos.a(tasks.o)
                                         0x14 (size before relaxing)
 .literal.vTaskStartScheduler
                0x0000000040080880       0x14 /home/yuggo/esp/workspace/BNO055/build/freertos/libfreertos.a(tasks.o)
                                         0x38 (size before relaxing)
 .literal.vTaskDelete
                0x0000000040080894        0x8 /home/yuggo/esp/workspace/BNO055/build/freertos/libfreertos.a(tasks.o)
                                         0x5c (size before relaxing)
 .literal.vTaskDelay
                0x000000004008089c        0x4 /home/yuggo/esp/workspace/BNO055/build/freertos/libfreertos.a(tasks.o)
                                         0x38 (size before relaxing)
 .literal.prvCheckTasksWaitingTermination
                0x00000000400808a0        0x0 /home/yuggo/esp/workspace/BNO055/build/freertos/libfreertos.a(tasks.o)
                                         0x24 (size before relaxing)
 .literal.prvIdleTask
                0x00000000400808a0        0x0 /home/yuggo/esp/workspace/BNO055/build/freertos/libfreertos.a(tasks.o)
                                          0x8 (size before relaxing)
 .literal.xTaskGetTickCount
                0x00000000400808a0        0x4 /home/yuggo/esp/workspace/BNO055/build/freertos/libfreertos.a(tasks.o)
                                         0x10 (size before relaxing)
 .literal.xTaskIncrementTick
                0x00000000400808a4        0xc /home/yuggo/esp/workspace/BNO055/build/freertos/libfreertos.a(tasks.o)
                                         0x78 (size before relaxing)
 .literal.xTaskResumeAll
                0x00000000400808b0        0x8 /home/yuggo/esp/workspace/BNO055/build/freertos/libfreertos.a(tasks.o)
                                         0x5c (size before relaxing)
 .literal.vTaskPlaceOnEventList
                0x00000000400808b8        0x8 /home/yuggo/esp/workspace/BNO055/build/freertos/libfreertos.a(tasks.o)
                                         0x40 (size before relaxing)
 .literal.vTaskPlaceOnEventListRestricted
                0x00000000400808c0        0x8 /home/yuggo/esp/workspace/BNO055/build/freertos/libfreertos.a(tasks.o)
                                         0x38 (size before relaxing)
 .literal.xTaskRemoveFromEventList
                0x00000000400808c8        0x8 /home/yuggo/esp/workspace/BNO055/build/freertos/libfreertos.a(tasks.o)
                                         0x58 (size before relaxing)
 .literal.xTaskCheckForTimeOut
                0x00000000400808d0        0xc /home/yuggo/esp/workspace/BNO055/build/freertos/libfreertos.a(tasks.o)
                                         0x3c (size before relaxing)
 .literal.vTaskPriorityInherit
                0x00000000400808dc        0x0 /home/yuggo/esp/workspace/BNO055/build/freertos/libfreertos.a(tasks.o)
                                         0x2c (size before relaxing)
 .literal.xTaskPriorityDisinherit
                0x00000000400808dc        0x8 /home/yuggo/esp/workspace/BNO055/build/freertos/libfreertos.a(tasks.o)
                                         0x40 (size before relaxing)
 .literal.pvTaskIncrementMutexHeldCount
                0x00000000400808e4        0x0 /home/yuggo/esp/workspace/BNO055/build/freertos/libfreertos.a(tasks.o)
                                         0x10 (size before relaxing)
 .literal.prvGetNextExpireTime
                0x00000000400808e4        0x4 /home/yuggo/esp/workspace/BNO055/build/freertos/libfreertos.a(timers.o)
 .literal.prvInsertTimerInActiveList
                0x00000000400808e8        0x4 /home/yuggo/esp/workspace/BNO055/build/freertos/libfreertos.a(timers.o)
                                         0x10 (size before relaxing)
 .literal.prvCheckForValidListAndQueue
                0x00000000400808ec       0x1c /home/yuggo/esp/workspace/BNO055/build/freertos/libfreertos.a(timers.o)
                                         0x44 (size before relaxing)
 .literal.xTimerCreateTimerTask
                0x0000000040080908       0x10 /home/yuggo/esp/workspace/BNO055/build/freertos/libfreertos.a(timers.o)
                                         0x2c (size before relaxing)
 .literal.xTimerGenericCommand
                0x0000000040080918        0x0 /home/yuggo/esp/workspace/BNO055/build/freertos/libfreertos.a(timers.o)
                                         0x14 (size before relaxing)
 .literal.prvSwitchTimerLists
                0x0000000040080918        0x4 /home/yuggo/esp/workspace/BNO055/build/freertos/libfreertos.a(timers.o)
                                         0x28 (size before relaxing)
 .literal.prvSampleTimeNow
                0x000000004008091c        0x4 /home/yuggo/esp/workspace/BNO055/build/freertos/libfreertos.a(timers.o)
                                          0xc (size before relaxing)
 .literal.prvProcessExpiredTimer
                0x0000000040080920        0x4 /home/yuggo/esp/workspace/BNO055/build/freertos/libfreertos.a(timers.o)
                                         0x24 (size before relaxing)
 .literal.prvProcessTimerOrBlockTask
                0x0000000040080924        0x0 /home/yuggo/esp/workspace/BNO055/build/freertos/libfreertos.a(timers.o)
                                         0x24 (size before relaxing)
 .literal.prvProcessReceivedCommands
                0x0000000040080924        0x8 /home/yuggo/esp/workspace/BNO055/build/freertos/libfreertos.a(timers.o)
                                         0x40 (size before relaxing)
 .literal.prvTimerTask
                0x000000004008092c        0x0 /home/yuggo/esp/workspace/BNO055/build/freertos/libfreertos.a(timers.o)
                                          0xc (size before relaxing)
 .literal       0x000000004008092c        0x0 /home/yuggo/esp/workspace/BNO055/build/freertos/libfreertos.a(xtensa_context.o)
                                         0x10 (size before relaxing)
 .literal       0x000000004008092c       0x10 /home/yuggo/esp/workspace/BNO055/build/freertos/libfreertos.a(portasm.o)
                                         0x54 (size before relaxing)
 .literal._xt_tick_divisor_init
                0x000000004008093c        0x4 /home/yuggo/esp/workspace/BNO055/build/freertos/libfreertos.a(xtensa_init.o)
                                          0x8 (size before relaxing)
 .literal.returnItemToRingbufBytebuf
                0x0000000040080940        0xc /home/yuggo/esp/workspace/BNO055/build/freertos/libfreertos.a(ringbuf.o)
                                         0x1c (size before relaxing)
 .literal.returnItemToRingbufDefault
                0x000000004008094c        0x4 /home/yuggo/esp/workspace/BNO055/build/freertos/libfreertos.a(ringbuf.o)
                                         0x44 (size before relaxing)
 .literal.getItemFromRingbufDefault
                0x0000000040080950        0x4 /home/yuggo/esp/workspace/BNO055/build/freertos/libfreertos.a(ringbuf.o)
                                         0x24 (size before relaxing)
 .literal.copyItemToRingbufNoSplit
                0x0000000040080954        0x4 /home/yuggo/esp/workspace/BNO055/build/freertos/libfreertos.a(ringbuf.o)
                                         0x24 (size before relaxing)
 .literal.copyItemToRingbufByteBuf
                0x0000000040080958        0x0 /home/yuggo/esp/workspace/BNO055/build/freertos/libfreertos.a(ringbuf.o)
                                          0x8 (size before relaxing)
 .literal.copyItemToRingbufAllowSplit
                0x0000000040080958        0x4 /home/yuggo/esp/workspace/BNO055/build/freertos/libfreertos.a(ringbuf.o)
                                         0x34 (size before relaxing)
 .literal.xRingbufferCreate
                0x000000004008095c       0x20 /home/yuggo/esp/workspace/BNO055/build/freertos/libfreertos.a(ringbuf.o)
                                         0x58 (size before relaxing)
 .literal.vRingbufferDelete
                0x000000004008097c        0x0 /home/yuggo/esp/workspace/BNO055/build/freertos/libfreertos.a(ringbuf.o)
                                         0x10 (size before relaxing)
 .literal.xRingbufferSendFromISR
                0x000000004008097c        0x4 /home/yuggo/esp/workspace/BNO055/build/freertos/libfreertos.a(ringbuf.o)
                                         0x24 (size before relaxing)
 .literal.xRingbufferReceiveUpToFromISR
                0x0000000040080980        0x4 /home/yuggo/esp/workspace/BNO055/build/freertos/libfreertos.a(ringbuf.o)
                                         0x24 (size before relaxing)
 .literal.vRingbufferReturnItemFromISR
                0x0000000040080984        0x0 /home/yuggo/esp/workspace/BNO055/build/freertos/libfreertos.a(ringbuf.o)
                                          0xc (size before relaxing)
 .literal.panicPutChar
                0x0000000040080984        0x4 /home/yuggo/esp/workspace/BNO055/build/esp32/libesp32.a(panic.o)
                                          0x8 (size before relaxing)
 .literal.panicPutStr
                0x0000000040080988        0x0 /home/yuggo/esp/workspace/BNO055/build/esp32/libesp32.a(panic.o)
                                          0x4 (size before relaxing)
 .literal.panicPutHex
                0x0000000040080988        0x0 /home/yuggo/esp/workspace/BNO055/build/esp32/libesp32.a(panic.o)
                                          0x8 (size before relaxing)
 .literal.panicPutDec
                0x0000000040080988        0x4 /home/yuggo/esp/workspace/BNO055/build/esp32/libesp32.a(panic.o)
                                         0x10 (size before relaxing)
 .literal.reconfigureAllWdts
                0x000000004008098c        0xc /home/yuggo/esp/workspace/BNO055/build/esp32/libesp32.a(panic.o)
                                         0x24 (size before relaxing)
 .literal.putEntry
                0x0000000040080998       0x10 /home/yuggo/esp/workspace/BNO055/build/esp32/libesp32.a(panic.o)
                                         0x20 (size before relaxing)
 .literal.doBacktrace
                0x00000000400809a8       0x10 /home/yuggo/esp/workspace/BNO055/build/esp32/libesp32.a(panic.o)
                                         0x24 (size before relaxing)
 .literal.invoke_abort
                0x00000000400809b8        0x4 /home/yuggo/esp/workspace/BNO055/build/esp32/libesp32.a(panic.o)
                                          0x8 (size before relaxing)
 .literal.haltOtherCore
                0x00000000400809bc        0x0 /home/yuggo/esp/workspace/BNO055/build/esp32/libesp32.a(panic.o)
                                          0x4 (size before relaxing)
 .literal.esp_panic_wdt_start
                0x00000000400809bc       0x14 /home/yuggo/esp/workspace/BNO055/build/esp32/libesp32.a(panic.o)
                                         0x2c (size before relaxing)
 .literal.esp_panic_dig_reset
                0x00000000400809d0        0x0 /home/yuggo/esp/workspace/BNO055/build/esp32/libesp32.a(panic.o)
                                         0x14 (size before relaxing)
 .literal.abort
                0x00000000400809d0        0x8 /home/yuggo/esp/workspace/BNO055/build/esp32/libesp32.a(panic.o)
                                         0x10 (size before relaxing)
 .literal.vApplicationStackOverflowHook
                0x00000000400809d8        0x8 /home/yuggo/esp/workspace/BNO055/build/esp32/libesp32.a(panic.o)
                                         0x18 (size before relaxing)
 .literal.esp_panic_wdt_stop
                0x00000000400809e0        0x0 /home/yuggo/esp/workspace/BNO055/build/esp32/libesp32.a(panic.o)
                                         0x18 (size before relaxing)
 .literal.commonErrorHandler
                0x00000000400809e0       0x18 /home/yuggo/esp/workspace/BNO055/build/esp32/libesp32.a(panic.o)
                                         0x54 (size before relaxing)
 .literal.panicHandler
                0x00000000400809f8       0x34 /home/yuggo/esp/workspace/BNO055/build/esp32/libesp32.a(panic.o)
                                         0x8c (size before relaxing)
 .literal.xt_unhandled_exception
                0x0000000040080a2c       0x1c /home/yuggo/esp/workspace/BNO055/build/esp32/libesp32.a(panic.o)
                                         0x58 (size before relaxing)
 .literal.esp_set_breakpoint_if_jtag
                0x0000000040080a48        0x0 /home/yuggo/esp/workspace/BNO055/build/esp32/libesp32.a(panic.o)
                                          0x8 (size before relaxing)
 .literal._esp_error_check_failed
                0x0000000040080a48        0xc /home/yuggo/esp/workspace/BNO055/build/esp32/libesp32.a(panic.o)
                                         0x1c (size before relaxing)
 .literal.disable_mem_region
                0x0000000040080a54        0xc /home/yuggo/esp/workspace/BNO055/build/esp32/libesp32.a(heap_alloc_caps.o)
                                         0x14 (size before relaxing)
 .literal.dram_alloc_to_iram_addr
                0x0000000040080a60       0x18 /home/yuggo/esp/workspace/BNO055/build/esp32/libesp32.a(heap_alloc_caps.o)
                                         0x38 (size before relaxing)
 .literal.heap_alloc_enable_nonos_stack_tag
                0x0000000040080a78        0x4 /home/yuggo/esp/workspace/BNO055/build/esp32/libesp32.a(heap_alloc_caps.o)
 .literal.heap_alloc_caps_init
                0x0000000040080a7c       0x44 /home/yuggo/esp/workspace/BNO055/build/esp32/libesp32.a(heap_alloc_caps.o)
                                         0x84 (size before relaxing)
 .literal.vPortFree
                0x0000000040080ac0        0x8 /home/yuggo/esp/workspace/BNO055/build/esp32/libesp32.a(heap_alloc_caps.o)
                                         0x10 (size before relaxing)
 .literal.pvPortMallocCaps
                0x0000000040080ac8        0x0 /home/yuggo/esp/workspace/BNO055/build/esp32/libesp32.a(heap_alloc_caps.o)
                                         0x18 (size before relaxing)
 .literal.pvPortMalloc
                0x0000000040080ac8        0x0 /home/yuggo/esp/workspace/BNO055/build/esp32/libesp32.a(heap_alloc_caps.o)
                                          0x4 (size before relaxing)
 .literal.rtc_clk_32k_enable_internal
                0x0000000040080ac8       0x14 /home/yuggo/esp/workspace/BNO055/build/soc/libsoc.a(rtc_clk.o)
 .literal.rtc_clk_32k_enable
                0x0000000040080adc        0x4 /home/yuggo/esp/workspace/BNO055/build/soc/libsoc.a(rtc_clk.o)
                                          0xc (size before relaxing)
 .literal.rtc_clk_slow_freq_set
                0x0000000040080ae0        0x4 /home/yuggo/esp/workspace/BNO055/build/soc/libsoc.a(rtc_clk.o)
                                          0xc (size before relaxing)
 .literal.rtc_clk_slow_freq_get
                0x0000000040080ae4        0x0 /home/yuggo/esp/workspace/BNO055/build/soc/libsoc.a(rtc_clk.o)
                                          0x4 (size before relaxing)
 .literal.rtc_clk_slow_freq_get_hz
                0x0000000040080ae4        0xc /home/yuggo/esp/workspace/BNO055/build/soc/libsoc.a(rtc_clk.o)
                                         0x10 (size before relaxing)
 .literal.rtc_clk_fast_freq_set
                0x0000000040080af0        0x4 /home/yuggo/esp/workspace/BNO055/build/soc/libsoc.a(rtc_clk.o)
                                          0xc (size before relaxing)
 .literal.rtc_clk_bbpll_set
                0x0000000040080af4        0x8 /home/yuggo/esp/workspace/BNO055/build/soc/libsoc.a(rtc_clk.o)
                                         0x30 (size before relaxing)
 .literal.rtc_clk_xtal_freq_get
                0x0000000040080afc        0xc /home/yuggo/esp/workspace/BNO055/build/soc/libsoc.a(rtc_clk.o)
                                         0x1c (size before relaxing)
 .literal.rtc_clk_apb_freq_update
                0x0000000040080b08        0x4 /home/yuggo/esp/workspace/BNO055/build/soc/libsoc.a(rtc_clk.o)
                                          0x8 (size before relaxing)
 .literal.rtc_clk_cpu_freq_set
                0x0000000040080b0c       0x24 /home/yuggo/esp/workspace/BNO055/build/soc/libsoc.a(rtc_clk.o)
                                         0x94 (size before relaxing)
 .literal.rtc_clk_apb_freq_get
                0x0000000040080b30        0x0 /home/yuggo/esp/workspace/BNO055/build/soc/libsoc.a(rtc_clk.o)
                                          0x8 (size before relaxing)
 .literal.rtc_clk_cal_internal
                0x0000000040080b30       0x14 /home/yuggo/esp/workspace/BNO055/build/soc/libsoc.a(rtc_time.o)
                                         0x3c (size before relaxing)
 .literal.rtc_clk_cal
                0x0000000040080b44        0x0 /home/yuggo/esp/workspace/BNO055/build/soc/libsoc.a(rtc_time.o)
                                          0xc (size before relaxing)
 .literal.rtc_time_get
                0x0000000040080b44       0x10 /home/yuggo/esp/workspace/BNO055/build/soc/libsoc.a(rtc_time.o)
                                         0x18 (size before relaxing)
 .literal.rtc_init
                0x0000000040080b54       0x7c /home/yuggo/esp/workspace/BNO055/build/soc/libsoc.a(rtc_init.o)
                                         0xfc (size before relaxing)
 .literal       0x0000000040080bd0        0x0 /home/yuggo/esp/esp-idf/components/esp32/libhal.a(windowspill_asm.o)
                                          0x4 (size before relaxing)
 .literal.esp_rom_spiflash_read_status
                0x0000000040080bd0       0x10 /home/yuggo/esp/workspace/BNO055/build/spi_flash/libspi_flash.a(spi_flash_rom_patch.o)
                                         0x14 (size before relaxing)
 .literal.esp_rom_spiflash_wait_idle
                0x0000000040080be0        0x8 /home/yuggo/esp/workspace/BNO055/build/spi_flash/libspi_flash.a(spi_flash_rom_patch.o)
                                          0xc (size before relaxing)
 .literal.esp_rom_spiflash_erase_block_internal
                0x0000000040080be8        0x4 /home/yuggo/esp/workspace/BNO055/build/spi_flash/libspi_flash.a(spi_flash_rom_patch.o)
                                         0x18 (size before relaxing)
 .literal.esp_rom_spiflash_erase_sector_internal
                0x0000000040080bec        0x0 /home/yuggo/esp/workspace/BNO055/build/spi_flash/libspi_flash.a(spi_flash_rom_patch.o)
                                         0x18 (size before relaxing)
 .literal.esp_rom_spiflash_read_data
                0x0000000040080bec       0x18 /home/yuggo/esp/workspace/BNO055/build/spi_flash/libspi_flash.a(spi_flash_rom_patch.o)
                                         0x34 (size before relaxing)
 .literal.esp_rom_spiflash_enable_write
                0x0000000040080c04        0x0 /home/yuggo/esp/workspace/BNO055/build/spi_flash/libspi_flash.a(spi_flash_rom_patch.o)
                                         0x10 (size before relaxing)
 .literal.esp_rom_spiflash_program_page_internal
                0x0000000040080c04        0xc /home/yuggo/esp/workspace/BNO055/build/spi_flash/libspi_flash.a(spi_flash_rom_patch.o)
                                         0x40 (size before relaxing)
 .literal.esp_rom_spiflash_read_statushigh
                0x0000000040080c10        0x4 /home/yuggo/esp/workspace/BNO055/build/spi_flash/libspi_flash.a(spi_flash_rom_patch.o)
                                          0xc (size before relaxing)
 .literal.esp_rom_spiflash_write_status
                0x0000000040080c14        0x4 /home/yuggo/esp/workspace/BNO055/build/spi_flash/libspi_flash.a(spi_flash_rom_patch.o)
                                         0x14 (size before relaxing)
 .literal.esp_rom_spiflash_unlock
                0x0000000040080c18        0x8 /home/yuggo/esp/workspace/BNO055/build/spi_flash/libspi_flash.a(spi_flash_rom_patch.o)
                                         0x28 (size before relaxing)
 .literal.esp_rom_spiflash_erase_block
                0x0000000040080c20        0xc /home/yuggo/esp/workspace/BNO055/build/spi_flash/libspi_flash.a(spi_flash_rom_patch.o)
                                         0x20 (size before relaxing)
 .literal.esp_rom_spiflash_erase_sector
                0x0000000040080c2c        0x0 /home/yuggo/esp/workspace/BNO055/build/spi_flash/libspi_flash.a(spi_flash_rom_patch.o)
                                         0x20 (size before relaxing)
 .literal.esp_rom_spiflash_write
                0x0000000040080c2c        0x0 /home/yuggo/esp/workspace/BNO055/build/spi_flash/libspi_flash.a(spi_flash_rom_patch.o)
                                         0x28 (size before relaxing)
 .literal.esp_rom_spiflash_write_encrypted
                0x0000000040080c2c        0xc /home/yuggo/esp/workspace/BNO055/build/spi_flash/libspi_flash.a(spi_flash_rom_patch.o)
                                         0x10 (size before relaxing)
 .literal.esp_rom_spiflash_read
                0x0000000040080c38       0x30 /home/yuggo/esp/workspace/BNO055/build/spi_flash/libspi_flash.a(spi_flash_rom_patch.o)
                                         0x5c (size before relaxing)
 .iram1         0x0000000040080c68      0x14c /home/yuggo/esp/workspace/BNO055/build/esp32/libesp32.a(system_api.o)
                                        0x15e (size before relaxing)
                0x0000000040080c68                esp_restart_noos
                0x0000000040080da8                esp_restart
                0x0000000040080da8                system_restart
 *fill*         0x0000000040080db4        0x0 
 .iram1         0x0000000040080db4      0x2b8 /home/yuggo/esp/workspace/BNO055/build/esp32/libesp32.a(cpu_start.o)
                                        0x32c (size before relaxing)
                0x0000000040080db4                start_cpu0
                0x0000000040080db4                start_cpu0_default
                0x0000000040080e58                start_cpu1_default
                0x0000000040080e58                start_cpu1
                0x0000000040080f0c                call_start_cpu0
 .iram1         0x000000004008106c       0x2c /home/yuggo/esp/workspace/BNO055/build/esp32/libesp32.a(cache_err_int.o)
                0x000000004008106c                esp_cache_err_get_cpuid
 .iram1         0x0000000040081098       0x7f /home/yuggo/esp/workspace/BNO055/build/esp32/libesp32.a(ipc.o)
                                         0x8b (size before relaxing)
 *fill*         0x0000000040081117        0x1 
 .iram1         0x0000000040081118      0x125 /home/yuggo/esp/workspace/BNO055/build/esp32/libesp32.a(dport_access.o)
                                        0x131 (size before relaxing)
                0x0000000040081118                esp_dport_access_stall_other_cpu_start
                0x00000000400811b8                esp_dport_access_stall_other_cpu_end
                0x0000000040081230                esp_dport_access_stall_other_cpu_start_wrap
                0x0000000040081238                esp_dport_access_stall_other_cpu_end_wrap
 *fill*         0x000000004008123d        0x3 
 .iram1         0x0000000040081240       0x53 /home/yuggo/esp/workspace/BNO055/build/esp32/libesp32.a(int_wdt.o)
 *fill*         0x0000000040081293        0x1 
 .iram1         0x0000000040081294        0xf /home/yuggo/esp/workspace/BNO055/build/esp32/libesp32.a(clk.o)
                0x0000000040081294                ets_update_cpu_frequency
 *fill*         0x00000000400812a3        0x1 
 .iram1         0x00000000400812a4       0x1c /home/yuggo/esp/workspace/BNO055/build/esp32/libesp32.a(freertos_hooks.o)
                0x00000000400812a4                esp_vApplicationTickHook
 .iram1         0x00000000400812c0       0x98 /home/yuggo/esp/workspace/BNO055/build/esp32/libesp32.a(crosscore_int.o)
                                         0xa8 (size before relaxing)
                0x0000000040081304                esp_crosscore_int_send_yield
 .iram1         0x0000000040081358      0x1f6 /home/yuggo/esp/workspace/BNO055/build/esp32/libesp32.a(intr_alloc.o)
                                        0x20a (size before relaxing)
                0x0000000040081394                esp_intr_enable
                0x000000004008141c                esp_intr_disable
                0x00000000400814ac                esp_intr_noniram_disable
                0x00000000400814f8                esp_intr_noniram_enable
                0x0000000040081538                ets_isr_unmask
                0x0000000040081544                ets_isr_mask
 *fill*         0x000000004008154e        0x2 
 .iram1         0x0000000040081550      0x56e /home/yuggo/esp/workspace/BNO055/build/freertos/libfreertos.a(xtensa_vectors.o)
                0x0000000040081550                _xt_panic
                0x0000000040081668                _xt_user_exit
                0x0000000040081938                _xt_medint2_exit
                0x00000000400819c4                _xt_medint3_exit
 *fill*         0x0000000040081abe        0x2 
 .iram1         0x0000000040081ac0      0x17a /home/yuggo/esp/workspace/BNO055/build/log/liblog.a(log.o)
                                        0x186 (size before relaxing)
                0x0000000040081ac0                esp_log_write
                0x0000000040081bf0                esp_log_early_timestamp
                0x0000000040081c04                esp_log_timestamp
 *fill*         0x0000000040081c3a        0x2 
 .iram1         0x0000000040081c3c       0xb4 /home/yuggo/esp/workspace/BNO055/build/newlib/libnewlib.a(time.o)
                                         0xbc (size before relaxing)
                0x0000000040081c84                _gettimeofday_r
                0x0000000040081cc8                _times_r
 .iram1         0x0000000040081cf0       0x3c /home/yuggo/esp/workspace/BNO055/build/newlib/libnewlib.a(reent_init.o)
                0x0000000040081cf0                esp_reent_init
 .iram1         0x0000000040081d2c       0x76 /home/yuggo/esp/workspace/BNO055/build/newlib/libnewlib.a(syscalls.o)
                                         0x86 (size before relaxing)
                0x0000000040081d2c                _malloc_r
                0x0000000040081d38                _free_r
                0x0000000040081d44                _realloc_r
                0x0000000040081d84                _calloc_r
 *fill*         0x0000000040081da2        0x2 
 .iram1         0x0000000040081da4      0x1c8 /home/yuggo/esp/workspace/BNO055/build/newlib/libnewlib.a(locks.o)
                                        0x20c (size before relaxing)
                0x0000000040081ec0                _lock_init
                0x0000000040081ecc                _lock_init_recursive
                0x0000000040081ed8                _lock_close
                0x0000000040081f14                _lock_acquire
                0x0000000040081f24                _lock_acquire_recursive
                0x0000000040081f34                _lock_try_acquire
                0x0000000040081f44                _lock_try_acquire_recursive
                0x0000000040081f54                _lock_release
                0x0000000040081f60                _lock_release_recursive
 .iram1         0x0000000040081f6c       0xf6 /home/yuggo/esp/workspace/BNO055/build/soc/libsoc.a(cpu_util.o)
                0x0000000040081f6c                esp_cpu_stall
                0x0000000040082000                esp_cpu_unstall
                0x0000000040082054                esp_cpu_in_ocd_debug_mode
 *fill*         0x0000000040082062        0x2 
 .iram1         0x0000000040082064      0x330 /home/yuggo/esp/workspace/BNO055/build/spi_flash/libspi_flash.a(cache_utils.o)
                                        0x398 (size before relaxing)
                0x0000000040082174                spi_flash_op_block_func
                0x00000000400821c4                spi_flash_disable_interrupts_caches_and_other_cpu
                0x0000000040082288                spi_flash_enable_interrupts_caches_and_other_cpu
                0x0000000040082318                spi_flash_disable_interrupts_caches_and_other_cpu_no_os
                0x0000000040082344                spi_flash_enable_interrupts_caches_no_os
                0x0000000040082360                spi_flash_cache_enabled
 .iram1         0x0000000040082394      0x579 /home/yuggo/esp/workspace/BNO055/build/spi_flash/libspi_flash.a(flash_ops.o)
                                        0x59d (size before relaxing)
                0x00000000400823f4                spi_flash_guard_set
                0x0000000040082400                spi_flash_get_chip_size
                0x000000004008240c                spi_flash_erase_range
                0x00000000400824b0                spi_flash_erase_sector
                0x00000000400824c0                spi_flash_write
                0x0000000040082648                spi_flash_read
                0x00000000400827cc                spi_flash_read_encrypted
                0x0000000040082818                spi_flash_write_encrypted
 *fill*         0x000000004008290d        0x3 
 .iram1         0x0000000040082910      0x3b6 /home/yuggo/esp/workspace/BNO055/build/spi_flash/libspi_flash.a(flash_mmap.o)
                                        0x3d2 (size before relaxing)
                0x0000000040082a08                spi_flash_mmap
                0x0000000040082bd8                spi_flash_munmap
                0x0000000040082c7c                spi_flash_mark_modified_region
 *fill*         0x0000000040082cc6        0x2 
 .iram1         0x0000000040082cc8      0x18d /home/yuggo/esp/workspace/BNO055/build/vfs/libvfs.a(vfs_uart.o)
                                        0x1a9 (size before relaxing)
 *fill*         0x0000000040082e55        0x3 
 .iram1         0x0000000040082e58      0x3e6 /home/yuggo/esp/workspace/BNO055/build/driver/libdriver.a(i2c.o)
                                        0x3ee (size before relaxing)
 *fill*         0x000000004008323e        0x0 
 *fill*         0x000000004008323e        0x0 
 *fill*         0x000000004008323e        0x0 
 *fill*         0x000000004008323e        0x0 
 *fill*         0x000000004008323e        0x0 
 *fill*         0x000000004008323e        0x0 
 *fill*         0x000000004008323e        0x0 
 *fill*         0x000000004008323e        0x0 
 *fill*         0x000000004008323e        0x0 
 *fill*         0x000000004008323e        0x0 
 *fill*         0x000000004008323e        0x0 
 *fill*         0x000000004008323e        0x0 
 *fill*         0x000000004008323e        0x0 
 *libfreertos.a:(.literal .text .literal.* .text.*)
 *fill*         0x000000004008323e        0x2 
 .text.xt_unhandled_interrupt
                0x0000000040083240       0x16 /home/yuggo/esp/workspace/BNO055/build/freertos/libfreertos.a(xtensa_intr.o)
                0x0000000040083240                xt_unhandled_interrupt
 *fill*         0x0000000040083256        0x2 
 .text.xt_set_interrupt_handler
                0x0000000040083258       0x4a /home/yuggo/esp/workspace/BNO055/build/freertos/libfreertos.a(xtensa_intr.o)
                0x0000000040083258                xt_set_interrupt_handler
 *fill*         0x00000000400832a2        0x2 
 .text.prvIsQueueFull
                0x00000000400832a4       0x2a /home/yuggo/esp/workspace/BNO055/build/freertos/libfreertos.a(queue.o)
 *fill*         0x00000000400832ce        0x2 
 .text.prvCopyDataToQueue
                0x00000000400832d0       0x9e /home/yuggo/esp/workspace/BNO055/build/freertos/libfreertos.a(queue.o)
 *fill*         0x000000004008336e        0x2 
 .text.prvNotifyQueueSetContainer
                0x0000000040083370       0x6a /home/yuggo/esp/workspace/BNO055/build/freertos/libfreertos.a(queue.o)
                                         0x76 (size before relaxing)
 *fill*         0x00000000400833da        0x2 
 .text.prvCopyDataFromQueue
                0x00000000400833dc       0x24 /home/yuggo/esp/workspace/BNO055/build/freertos/libfreertos.a(queue.o)
 .text.xQueueGenericReset
                0x0000000040083400       0x86 /home/yuggo/esp/workspace/BNO055/build/freertos/libfreertos.a(queue.o)
                                         0x96 (size before relaxing)
                0x0000000040083400                xQueueGenericReset
 *fill*         0x0000000040083486        0x2 
 .text.prvInitialiseNewQueue
                0x0000000040083488       0x1f /home/yuggo/esp/workspace/BNO055/build/freertos/libfreertos.a(queue.o)
                                         0x23 (size before relaxing)
 *fill*         0x00000000400834a7        0x1 
 .text.xQueueGenericCreate
                0x00000000400834a8       0x45 /home/yuggo/esp/workspace/BNO055/build/freertos/libfreertos.a(queue.o)
                                         0x4d (size before relaxing)
                0x00000000400834a8                xQueueGenericCreate
 *fill*         0x00000000400834ed        0x3 
 .text.xQueueGetMutexHolder
                0x00000000400834f0       0x23 /home/yuggo/esp/workspace/BNO055/build/freertos/libfreertos.a(queue.o)
                0x00000000400834f0                xQueueGetMutexHolder
 *fill*         0x0000000040083513        0x1 
 .text.xQueueGenericSend
                0x0000000040083514      0x158 /home/yuggo/esp/workspace/BNO055/build/freertos/libfreertos.a(queue.o)
                                        0x18c (size before relaxing)
                0x0000000040083514                xQueueGenericSend
 .text.prvInitialiseMutex
                0x000000004008366c       0x22 /home/yuggo/esp/workspace/BNO055/build/freertos/libfreertos.a(queue.o)
                                         0x26 (size before relaxing)
 *fill*         0x000000004008368e        0x2 
 .text.xQueueCreateMutex
                0x0000000040083690       0x16 /home/yuggo/esp/workspace/BNO055/build/freertos/libfreertos.a(queue.o)
                                         0x1a (size before relaxing)
                0x0000000040083690                xQueueCreateMutex
 *fill*         0x00000000400836a6        0x2 
 .text.xQueueGiveMutexRecursive
                0x00000000400836a8       0x48 /home/yuggo/esp/workspace/BNO055/build/freertos/libfreertos.a(queue.o)
                                         0x4c (size before relaxing)
                0x00000000400836a8                xQueueGiveMutexRecursive
 .text.xQueueGenericSendFromISR
                0x00000000400836f0       0xd6 /home/yuggo/esp/workspace/BNO055/build/freertos/libfreertos.a(queue.o)
                                         0xe6 (size before relaxing)
                0x00000000400836f0                xQueueGenericSendFromISR
 *fill*         0x00000000400837c6        0x2 
 .text.xQueueGiveFromISR
                0x00000000400837c8       0xb6 /home/yuggo/esp/workspace/BNO055/build/freertos/libfreertos.a(queue.o)
                                         0xc2 (size before relaxing)
                0x00000000400837c8                xQueueGiveFromISR
 *fill*         0x000000004008387e        0x2 
 .text.xQueueGenericReceive
                0x0000000040083880      0x144 /home/yuggo/esp/workspace/BNO055/build/freertos/libfreertos.a(queue.o)
                                        0x178 (size before relaxing)
                0x0000000040083880                xQueueGenericReceive
 .text.xQueueTakeMutexRecursive
                0x00000000400839c4       0x51 /home/yuggo/esp/workspace/BNO055/build/freertos/libfreertos.a(queue.o)
                0x00000000400839c4                xQueueTakeMutexRecursive
 *fill*         0x0000000040083a15        0x3 
 .text.xQueueReceiveFromISR
                0x0000000040083a18       0x96 /home/yuggo/esp/workspace/BNO055/build/freertos/libfreertos.a(queue.o)
                                         0xa6 (size before relaxing)
                0x0000000040083a18                xQueueReceiveFromISR
 *fill*         0x0000000040083aae        0x2 
 .text.vQueueDelete
                0x0000000040083ab0       0x25 /home/yuggo/esp/workspace/BNO055/build/freertos/libfreertos.a(queue.o)
                                         0x28 (size before relaxing)
                0x0000000040083ab0                vQueueDelete
 *fill*         0x0000000040083ad5        0x3 
 .text.vQueueWaitForMessageRestricted
                0x0000000040083ad8       0x23 /home/yuggo/esp/workspace/BNO055/build/freertos/libfreertos.a(queue.o)
                                         0x2a (size before relaxing)
                0x0000000040083ad8                vQueueWaitForMessageRestricted
 *fill*         0x0000000040083afb        0x1 
 .text.pxPortInitialiseStack
                0x0000000040083afc       0x50 /home/yuggo/esp/workspace/BNO055/build/freertos/libfreertos.a(port.o)
                0x0000000040083afc                pxPortInitialiseStack
 .text.xPortStartScheduler
                0x0000000040083b4c       0x22 /home/yuggo/esp/workspace/BNO055/build/freertos/libfreertos.a(port.o)
                                         0x2e (size before relaxing)
                0x0000000040083b4c                xPortStartScheduler
 *fill*         0x0000000040083b6e        0x2 
 .text.xPortSysTickHandler
                0x0000000040083b70       0x10 /home/yuggo/esp/workspace/BNO055/build/freertos/libfreertos.a(port.o)
                                         0x16 (size before relaxing)
                0x0000000040083b70                xPortSysTickHandler
 *fill*         0x0000000040083b80        0x0 
 .text.vPortYieldOtherCore
                0x0000000040083b80        0xa /home/yuggo/esp/workspace/BNO055/build/freertos/libfreertos.a(port.o)
                                          0xe (size before relaxing)
                0x0000000040083b80                vPortYieldOtherCore
 *fill*         0x0000000040083b8a        0x2 
 .text.vPortReleaseTaskMPUSettings
                0x0000000040083b8c        0xa /home/yuggo/esp/workspace/BNO055/build/freertos/libfreertos.a(port.o)
                                          0xe (size before relaxing)
                0x0000000040083b8c                vPortReleaseTaskMPUSettings
 *fill*         0x0000000040083b96        0x2 
 .text.xPortInIsrContext
                0x0000000040083b98       0x26 /home/yuggo/esp/workspace/BNO055/build/freertos/libfreertos.a(port.o)
                0x0000000040083b98                xPortInIsrContext
 *fill*         0x0000000040083bbe        0x2 
 .text.vPortCPUInitializeMutex
                0x0000000040083bc0        0xd /home/yuggo/esp/workspace/BNO055/build/freertos/libfreertos.a(port.o)
                0x0000000040083bc0                vPortCPUInitializeMutex
 *fill*         0x0000000040083bcd        0x3 
 .text.vPortCPUAcquireMutex
                0x0000000040083bd0       0x62 /home/yuggo/esp/workspace/BNO055/build/freertos/libfreertos.a(port.o)
                0x0000000040083bd0                vPortCPUAcquireMutex
 *fill*         0x0000000040083c32        0x2 
 .text.vPortCPUReleaseMutex
                0x0000000040083c34       0x63 /home/yuggo/esp/workspace/BNO055/build/freertos/libfreertos.a(port.o)
                0x0000000040083c34                vPortCPUReleaseMutex
 *fill*         0x0000000040083c97        0x1 
 .text.vPortFirstTaskHook
                0x0000000040083c98        0xa /home/yuggo/esp/workspace/BNO055/build/freertos/libfreertos.a(port.o)
                                          0xe (size before relaxing)
                0x0000000040083c98                vPortFirstTaskHook
 *fill*         0x0000000040083ca2        0x2 
 .text.prvInsertBlockIntoFreeList
                0x0000000040083ca4       0x9f /home/yuggo/esp/workspace/BNO055/build/freertos/libfreertos.a(heap_regions.o)
 *fill*         0x0000000040083d43        0x1 
 .text.pvPortMallocTagged
                0x0000000040083d44      0x114 /home/yuggo/esp/workspace/BNO055/build/freertos/libfreertos.a(heap_regions.o)
                                        0x123 (size before relaxing)
                0x0000000040083d44                pvPortMallocTagged
 *fill*         0x0000000040083e58        0x0 
 .text.vPortFreeTagged
                0x0000000040083e58       0x88 /home/yuggo/esp/workspace/BNO055/build/freertos/libfreertos.a(heap_regions.o)
                                         0x94 (size before relaxing)
                0x0000000040083e58                vPortFreeTagged
 .text.vPortDefineHeapRegionsTagged
                0x0000000040083ee0      0x185 /home/yuggo/esp/workspace/BNO055/build/freertos/libfreertos.a(heap_regions.o)
                                        0x191 (size before relaxing)
                0x0000000040083ee0                vPortDefineHeapRegionsTagged
 *fill*         0x0000000040084065        0x3 
 .text.prvResetNextTaskUnblockTime
                0x0000000040084068       0x34 /home/yuggo/esp/workspace/BNO055/build/freertos/libfreertos.a(tasks.o)
 .text.prvInitialiseNewTask
                0x000000004008409c       0xc6 /home/yuggo/esp/workspace/BNO055/build/freertos/libfreertos.a(tasks.o)
                                         0xd2 (size before relaxing)
 *fill*         0x0000000040084162        0x2 
 .text.prvInitialiseTaskLists
                0x0000000040084164       0x5a /home/yuggo/esp/workspace/BNO055/build/freertos/libfreertos.a(tasks.o)
                                         0x6e (size before relaxing)
 *fill*         0x00000000400841be        0x2 
 .text.prvAddCurrentTaskToDelayedList
                0x00000000400841c0       0x66 /home/yuggo/esp/workspace/BNO055/build/freertos/libfreertos.a(tasks.o)
                                         0x6a (size before relaxing)
 *fill*         0x0000000040084226        0x2 
 .text.prvDeleteTCB
                0x0000000040084228       0x4a /home/yuggo/esp/workspace/BNO055/build/freertos/libfreertos.a(tasks.o)
                                         0x5d (size before relaxing)
 *fill*         0x0000000040084272        0x2 
 .text.taskYIELD_OTHER_CORE
                0x0000000040084274       0x53 /home/yuggo/esp/workspace/BNO055/build/freertos/libfreertos.a(tasks.o)
                0x0000000040084274                taskYIELD_OTHER_CORE
 *fill*         0x00000000400842c7        0x1 
 .text.vTaskSuspendAll
                0x00000000400842c8       0x26 /home/yuggo/esp/workspace/BNO055/build/freertos/libfreertos.a(tasks.o)
                0x00000000400842c8                vTaskSuspendAll
 *fill*         0x00000000400842ee        0x2 
 .text.vTaskSwitchContext
                0x00000000400842f0      0x2a2 /home/yuggo/esp/workspace/BNO055/build/freertos/libfreertos.a(tasks.o)
                                        0x2ae (size before relaxing)
                0x00000000400842f0                vTaskSwitchContext
 *fill*         0x0000000040084592        0x2 
 .text.vTaskSetTimeOutState
                0x0000000040084594       0x34 /home/yuggo/esp/workspace/BNO055/build/freertos/libfreertos.a(tasks.o)
                0x0000000040084594                vTaskSetTimeOutState
 .text.xTaskGetCurrentTaskHandle
                0x00000000400845c8       0x1f /home/yuggo/esp/workspace/BNO055/build/freertos/libfreertos.a(tasks.o)
                0x00000000400845c8                xTaskGetCurrentTaskHandle
 *fill*         0x00000000400845e7        0x1 
 .text.__getreent
                0x00000000400845e8       0x19 /home/yuggo/esp/workspace/BNO055/build/freertos/libfreertos.a(tasks.o)
                0x00000000400845e8                __getreent
 *fill*         0x0000000040084601        0x3 
 .text.pcTaskGetTaskName
                0x0000000040084604       0x2a /home/yuggo/esp/workspace/BNO055/build/freertos/libfreertos.a(tasks.o)
                                         0x2d (size before relaxing)
                0x0000000040084604                pcTaskGetTaskName
 *fill*         0x000000004008462e        0x2 
 .text.xTaskGetAffinity
                0x0000000040084630       0x10 /home/yuggo/esp/workspace/BNO055/build/freertos/libfreertos.a(tasks.o)
                                         0x13 (size before relaxing)
                0x0000000040084630                xTaskGetAffinity
 *fill*         0x0000000040084640        0x0 
 .text.xTaskGetCurrentTaskHandleForCPU
                0x0000000040084640       0x18 /home/yuggo/esp/workspace/BNO055/build/freertos/libfreertos.a(tasks.o)
                0x0000000040084640                xTaskGetCurrentTaskHandleForCPU
 .text.xTaskGetSchedulerState
                0x0000000040084658       0x37 /home/yuggo/esp/workspace/BNO055/build/freertos/libfreertos.a(tasks.o)
                0x0000000040084658                xTaskGetSchedulerState
 *fill*         0x000000004008468f        0x1 
 .text.vTaskEnterCritical
                0x0000000040084690       0x72 /home/yuggo/esp/workspace/BNO055/build/freertos/libfreertos.a(tasks.o)
                                         0x76 (size before relaxing)
                0x0000000040084690                vTaskEnterCritical
 *fill*         0x0000000040084702        0x2 
 .text.vTaskExitCritical
                0x0000000040084704       0x6e /home/yuggo/esp/workspace/BNO055/build/freertos/libfreertos.a(tasks.o)
                                         0x72 (size before relaxing)
                0x0000000040084704                vTaskExitCritical
 *fill*         0x0000000040084772        0x2 
 .text.prvAddNewTaskToReadyList
                0x0000000040084774      0x174 /home/yuggo/esp/workspace/BNO055/build/freertos/libfreertos.a(tasks.o)
                                        0x187 (size before relaxing)
 *fill*         0x00000000400848e8        0x0 
 .text.xTaskCreatePinnedToCore
                0x00000000400848e8       0x65 /home/yuggo/esp/workspace/BNO055/build/freertos/libfreertos.a(tasks.o)
                                         0x71 (size before relaxing)
                0x00000000400848e8                xTaskCreatePinnedToCore
 *fill*         0x000000004008494d        0x3 
 .text.vTaskStartScheduler
                0x0000000040084950       0x67 /home/yuggo/esp/workspace/BNO055/build/freertos/libfreertos.a(tasks.o)
                                         0x72 (size before relaxing)
                0x0000000040084950                vTaskStartScheduler
 *fill*         0x00000000400849b7        0x1 
 .text.vTaskDelete
                0x00000000400849b8       0xe0 /home/yuggo/esp/workspace/BNO055/build/freertos/libfreertos.a(tasks.o)
                                        0x100 (size before relaxing)
                0x00000000400849b8                vTaskDelete
 .text.vTaskDelay
                0x0000000040084a98       0x74 /home/yuggo/esp/workspace/BNO055/build/freertos/libfreertos.a(tasks.o)
                                         0x84 (size before relaxing)
                0x0000000040084a98                vTaskDelay
 .text.prvCheckTasksWaitingTermination
                0x0000000040084b0c       0x90 /home/yuggo/esp/workspace/BNO055/build/freertos/libfreertos.a(tasks.o)
                                         0x97 (size before relaxing)
 *fill*         0x0000000040084b9c        0x0 
 .text.prvIdleTask
                0x0000000040084b9c        0xc /home/yuggo/esp/workspace/BNO055/build/freertos/libfreertos.a(tasks.o)
                                         0x12 (size before relaxing)
 *fill*         0x0000000040084ba8        0x0 
 .text.xTaskGetTickCount
                0x0000000040084ba8       0x1c /home/yuggo/esp/workspace/BNO055/build/freertos/libfreertos.a(tasks.o)
                                         0x20 (size before relaxing)
                0x0000000040084ba8                xTaskGetTickCount
 .text.xTaskIncrementTick
                0x0000000040084bc4      0x1b2 /home/yuggo/esp/workspace/BNO055/build/freertos/libfreertos.a(tasks.o)
                                        0x1ce (size before relaxing)
                0x0000000040084bc4                xTaskIncrementTick
 *fill*         0x0000000040084d76        0x2 
 .text.xTaskResumeAll
                0x0000000040084d78      0x17f /home/yuggo/esp/workspace/BNO055/build/freertos/libfreertos.a(tasks.o)
                                        0x192 (size before relaxing)
                0x0000000040084d78                xTaskResumeAll
 *fill*         0x0000000040084ef7        0x1 
 .text.vTaskPlaceOnEventList
                0x0000000040084ef8       0x8f /home/yuggo/esp/workspace/BNO055/build/freertos/libfreertos.a(tasks.o)
                                         0xa3 (size before relaxing)
                0x0000000040084ef8                vTaskPlaceOnEventList
 *fill*         0x0000000040084f87        0x1 
 .text.vTaskPlaceOnEventListRestricted
                0x0000000040084f88       0x6b /home/yuggo/esp/workspace/BNO055/build/freertos/libfreertos.a(tasks.o)
                                         0x7f (size before relaxing)
                0x0000000040084f88                vTaskPlaceOnEventListRestricted
 *fill*         0x0000000040084ff3        0x1 
 .text.xTaskRemoveFromEventList
                0x0000000040084ff4      0x104 /home/yuggo/esp/workspace/BNO055/build/freertos/libfreertos.a(tasks.o)
                                        0x113 (size before relaxing)
                0x0000000040084ff4                xTaskRemoveFromEventList
 *fill*         0x00000000400850f8        0x0 
 .text.xTaskCheckForTimeOut
                0x00000000400850f8       0x8b /home/yuggo/esp/workspace/BNO055/build/freertos/libfreertos.a(tasks.o)
                                         0x96 (size before relaxing)
                0x00000000400850f8                xTaskCheckForTimeOut
 *fill*         0x0000000040085183        0x1 
 .text.vTaskPriorityInherit
                0x0000000040085184       0xc4 /home/yuggo/esp/workspace/BNO055/build/freertos/libfreertos.a(tasks.o)
                                         0xdb (size before relaxing)
                0x0000000040085184                vTaskPriorityInherit
 *fill*         0x0000000040085248        0x0 
 .text.xTaskPriorityDisinherit
                0x0000000040085248       0x97 /home/yuggo/esp/workspace/BNO055/build/freertos/libfreertos.a(tasks.o)
                                         0xaa (size before relaxing)
                0x0000000040085248                xTaskPriorityDisinherit
 *fill*         0x00000000400852df        0x1 
 .text.pvTaskIncrementMutexHeldCount
                0x00000000400852e0       0x50 /home/yuggo/esp/workspace/BNO055/build/freertos/libfreertos.a(tasks.o)
                                         0x54 (size before relaxing)
                0x00000000400852e0                pvTaskIncrementMutexHeldCount
 .text.prvGetNextExpireTime
                0x0000000040085330       0x20 /home/yuggo/esp/workspace/BNO055/build/freertos/libfreertos.a(timers.o)
 .text.prvInsertTimerInActiveList
                0x0000000040085350       0x50 /home/yuggo/esp/workspace/BNO055/build/freertos/libfreertos.a(timers.o)
                                         0x54 (size before relaxing)
 .text.prvCheckForValidListAndQueue
                0x00000000400853a0       0x66 /home/yuggo/esp/workspace/BNO055/build/freertos/libfreertos.a(timers.o)
                                         0x7e (size before relaxing)
 *fill*         0x0000000040085406        0x2 
 .text.xTimerCreateTimerTask
                0x0000000040085408       0x48 /home/yuggo/esp/workspace/BNO055/build/freertos/libfreertos.a(timers.o)
                                         0x4c (size before relaxing)
                0x0000000040085408                xTimerCreateTimerTask
 .text.xTimerGenericCommand
                0x0000000040085450       0x55 /home/yuggo/esp/workspace/BNO055/build/freertos/libfreertos.a(timers.o)
                                         0x5d (size before relaxing)
                0x0000000040085450                xTimerGenericCommand
 *fill*         0x00000000400854a5        0x3 
 .text.prvSwitchTimerLists
                0x00000000400854a8       0x76 /home/yuggo/esp/workspace/BNO055/build/freertos/libfreertos.a(timers.o)
                                         0x82 (size before relaxing)
 *fill*         0x000000004008551e        0x2 
 .text.prvSampleTimeNow
                0x0000000040085520       0x2b /home/yuggo/esp/workspace/BNO055/build/freertos/libfreertos.a(timers.o)
                                         0x2f (size before relaxing)
 *fill*         0x000000004008554b        0x1 
 .text.prvProcessExpiredTimer
                0x000000004008554c       0x53 /home/yuggo/esp/workspace/BNO055/build/freertos/libfreertos.a(timers.o)
                                         0x5f (size before relaxing)
 *fill*         0x000000004008559f        0x1 
 .text.prvProcessTimerOrBlockTask
                0x00000000400855a0       0x58 /home/yuggo/esp/workspace/BNO055/build/freertos/libfreertos.a(timers.o)
                                         0x6c (size before relaxing)
 .text.prvProcessReceivedCommands
                0x00000000400855f8       0xd2 /home/yuggo/esp/workspace/BNO055/build/freertos/libfreertos.a(timers.o)
                                         0xe6 (size before relaxing)
 *fill*         0x00000000400856ca        0x2 
 .text.prvTimerTask
                0x00000000400856cc       0x15 /home/yuggo/esp/workspace/BNO055/build/freertos/libfreertos.a(timers.o)
                                         0x1d (size before relaxing)
 *fill*         0x00000000400856e1        0x3 
 .text          0x00000000400856e4      0x12b /home/yuggo/esp/workspace/BNO055/build/freertos/libfreertos.a(xtensa_context.o)
                0x00000000400856e4                _xt_context_save
                0x000000004008574c                _xt_context_restore
                0x0000000040085790                _xt_coproc_init
                0x00000000400857a4                _xt_coproc_release
                0x00000000400857d0                _xt_coproc_savecs
                0x00000000400857f0                _xt_coproc_restorecs
 *fill*         0x000000004008580f        0x1 
 .text          0x0000000040085810      0x1cc /home/yuggo/esp/workspace/BNO055/build/freertos/libfreertos.a(portasm.o)
                0x0000000040085810                _frxt_setup_switch
                0x0000000040085828                _frxt_int_enter
                0x0000000040085870                _frxt_int_exit
                0x00000000400858c0                _frxt_timer_int
                0x00000000400858e4                _frxt_tick_timer_init
                0x00000000400858fc                _frxt_dispatch
                0x0000000040085944                vPortYield
                0x0000000040085990                vPortYieldFromInt
                0x00000000400859b0                _frxt_task_coproc_state
 .text._xt_tick_divisor_init
                0x00000000400859dc        0xd /home/yuggo/esp/workspace/BNO055/build/freertos/libfreertos.a(xtensa_init.o)
                0x00000000400859dc                _xt_tick_divisor_init
 *fill*         0x00000000400859e9        0x3 
 .text.returnItemToRingbufBytebuf
                0x00000000400859ec       0x41 /home/yuggo/esp/workspace/BNO055/build/freertos/libfreertos.a(ringbuf.o)
                                         0x45 (size before relaxing)
 *fill*         0x0000000040085a2d        0x3 
 .text.returnItemToRingbufDefault
                0x0000000040085a30      0x11e /home/yuggo/esp/workspace/BNO055/build/freertos/libfreertos.a(ringbuf.o)
                                        0x12e (size before relaxing)
 *fill*         0x0000000040085b4e        0x2 
 .text.getItemFromRingbufDefault
                0x0000000040085b50       0xa1 /home/yuggo/esp/workspace/BNO055/build/freertos/libfreertos.a(ringbuf.o)
                                         0xa5 (size before relaxing)
 *fill*         0x0000000040085bf1        0x3 
 .text.copyItemToRingbufNoSplit
                0x0000000040085bf4       0xac /home/yuggo/esp/workspace/BNO055/build/freertos/libfreertos.a(ringbuf.o)
                                         0xb0 (size before relaxing)
 .text.copyItemToRingbufByteBuf
                0x0000000040085ca0       0x46 /home/yuggo/esp/workspace/BNO055/build/freertos/libfreertos.a(ringbuf.o)
 *fill*         0x0000000040085ce6        0x2 
 .text.copyItemToRingbufAllowSplit
                0x0000000040085ce8       0xfc /home/yuggo/esp/workspace/BNO055/build/freertos/libfreertos.a(ringbuf.o)
                                        0x108 (size before relaxing)
 .text.xRingbufferCreate
                0x0000000040085de4       0xfd /home/yuggo/esp/workspace/BNO055/build/freertos/libfreertos.a(ringbuf.o)
                                        0x10c (size before relaxing)
                0x0000000040085de4                xRingbufferCreate
 *fill*         0x0000000040085ee1        0x3 
 .text.vRingbufferDelete
                0x0000000040085ee4       0x28 /home/yuggo/esp/workspace/BNO055/build/freertos/libfreertos.a(ringbuf.o)
                                         0x2c (size before relaxing)
                0x0000000040085ee4                vRingbufferDelete
 .text.xRingbufferSendFromISR
                0x0000000040085f0c       0x5a /home/yuggo/esp/workspace/BNO055/build/freertos/libfreertos.a(ringbuf.o)
                                         0x62 (size before relaxing)
                0x0000000040085f0c                xRingbufferSendFromISR
 *fill*         0x0000000040085f66        0x2 
 .text.xRingbufferReceiveUpToFromISR
                0x0000000040085f68       0x60 /home/yuggo/esp/workspace/BNO055/build/freertos/libfreertos.a(ringbuf.o)
                                         0x64 (size before relaxing)
                0x0000000040085f68                xRingbufferReceiveUpToFromISR
 .text.vRingbufferReturnItemFromISR
                0x0000000040085fc8       0x24 /home/yuggo/esp/workspace/BNO055/build/freertos/libfreertos.a(ringbuf.o)
                                         0x2c (size before relaxing)
                0x0000000040085fc8                vRingbufferReturnItemFromISR
 *fill*         0x0000000040085fec        0x0 
 *fill*         0x0000000040085fec        0x0 
 *fill*         0x0000000040085fec        0x0 
 .text.prvIsQueueEmpty
                0x0000000040085fec       0x12 /home/yuggo/esp/workspace/BNO055/build/freertos/libfreertos.a(queue.o)
 *fill*         0x0000000040085ffe        0x0 
 *fill*         0x0000000040085ffe        0x0 
 *fill*         0x0000000040085ffe        0x0 
 *fill*         0x0000000040085ffe        0x0 
 *fill*         0x0000000040085ffe        0x0 
 *fill*         0x0000000040085ffe        0x0 
 *fill*         0x0000000040085ffe        0x0 
 *fill*         0x0000000040085ffe        0x0 
 *fill*         0x0000000040085ffe        0x0 
 *fill*         0x0000000040085ffe        0x0 
 *fill*         0x0000000040085ffe        0x0 
 *fill*         0x0000000040085ffe        0x0 
 *fill*         0x0000000040085ffe        0x0 
 *fill*         0x0000000040085ffe        0x0 
 *fill*         0x0000000040085ffe        0x2 
 .text.vListInitialise
                0x0000000040086000       0x15 /home/yuggo/esp/workspace/BNO055/build/freertos/libfreertos.a(list.o)
                0x0000000040086000                vListInitialise
 *fill*         0x0000000040086015        0x3 
 .text.vListInitialiseItem
                0x0000000040086018        0x9 /home/yuggo/esp/workspace/BNO055/build/freertos/libfreertos.a(list.o)
                0x0000000040086018                vListInitialiseItem
 *fill*         0x0000000040086021        0x3 
 .text.vListInsertEnd
                0x0000000040086024       0x1b /home/yuggo/esp/workspace/BNO055/build/freertos/libfreertos.a(list.o)
                0x0000000040086024                vListInsertEnd
 *fill*         0x000000004008603f        0x1 
 .text.vListInsert
                0x0000000040086040       0x2f /home/yuggo/esp/workspace/BNO055/build/freertos/libfreertos.a(list.o)
                0x0000000040086040                vListInsert
 *fill*         0x000000004008606f        0x1 
 .text.uxListRemove
                0x0000000040086070       0x26 /home/yuggo/esp/workspace/BNO055/build/freertos/libfreertos.a(list.o)
                0x0000000040086070                uxListRemove
 *fill*         0x0000000040086096        0x0 
 *fill*         0x0000000040086096        0x0 
 *fill*         0x0000000040086096        0x0 
 *fill*         0x0000000040086096        0x2 
 .text.vPortStoreTaskMPUSettings
                0x0000000040086098       0x13 /home/yuggo/esp/workspace/BNO055/build/freertos/libfreertos.a(port.o)
                0x0000000040086098                vPortStoreTaskMPUSettings
 *fill*         0x00000000400860ab        0x0 
 *fill*         0x00000000400860ab        0x0 
 *fill*         0x00000000400860ab        0x0 
 *fill*         0x00000000400860ab        0x0 
 *fill*         0x00000000400860ab        0x0 
 *fill*         0x00000000400860ab        0x0 
 *fill*         0x00000000400860ab        0x0 
 *fill*         0x00000000400860ab        0x0 
 *fill*         0x00000000400860ab        0x0 
 *fill*         0x00000000400860ab        0x0 
 *fill*         0x00000000400860ab        0x0 
 *fill*         0x00000000400860ab        0x0 
 *fill*         0x00000000400860ab        0x0 
 *fill*         0x00000000400860ab        0x0 
 *fill*         0x00000000400860ab        0x0 
 *fill*         0x00000000400860ab        0x0 
 *fill*         0x00000000400860ab        0x0 
 *fill*         0x00000000400860ab        0x0 
 *fill*         0x00000000400860ab        0x0 
 *fill*         0x00000000400860ab        0x0 
 *fill*         0x00000000400860ab        0x0 
 *fill*         0x00000000400860ab        0x0 
 *fill*         0x00000000400860ab        0x0 
 *fill*         0x00000000400860ab        0x0 
 *fill*         0x00000000400860ab        0x0 
 *fill*         0x00000000400860ab        0x0 
 *fill*         0x00000000400860ab        0x0 
 *fill*         0x00000000400860ab        0x0 
 *fill*         0x00000000400860ab        0x0 
 *fill*         0x00000000400860ab        0x0 
 *fill*         0x00000000400860ab        0x0 
 *fill*         0x00000000400860ab        0x0 
 *fill*         0x00000000400860ab        0x0 
 *fill*         0x00000000400860ab        0x0 
 *fill*         0x00000000400860ab        0x0 
 *fill*         0x00000000400860ab        0x0 
 *fill*         0x00000000400860ab        0x0 
 *fill*         0x00000000400860ab        0x0 
 *fill*         0x00000000400860ab        0x0 
 *fill*         0x00000000400860ab        0x0 
 *fill*         0x00000000400860ab        0x0 
 *fill*         0x00000000400860ab        0x0 
 *fill*         0x00000000400860ab        0x0 
 *fill*         0x00000000400860ab        0x1 
 .text          0x00000000400860ac       0x33 /home/yuggo/esp/workspace/BNO055/build/freertos/libfreertos.a(xtensa_intr_asm.o)
                0x00000000400860ac                xt_ints_on
                0x00000000400860c4                xt_ints_off
 *fill*         0x00000000400860df        0x0 
 *fill*         0x00000000400860df        0x0 
 *fill*         0x00000000400860df        0x1 
 .text.ringbufferFreeMem
                0x00000000400860e0       0x15 /home/yuggo/esp/workspace/BNO055/build/freertos/libfreertos.a(ringbuf.o)
 *fill*         0x00000000400860f5        0x3 
 .text.getItemFromRingbufByteBuf
                0x00000000400860f8       0x56 /home/yuggo/esp/workspace/BNO055/build/freertos/libfreertos.a(ringbuf.o)
 *fill*         0x000000004008614e        0x0 
 *fill*         0x000000004008614e        0x0 
 *fill*         0x000000004008614e        0x0 
 *fill*         0x000000004008614e        0x0 
 *fill*         0x000000004008614e        0x0 
 *fill*         0x000000004008614e        0x0 
 *libesp32.a:panic.o(.literal .text .literal.* .text.*)
 *fill*         0x000000004008614e        0x2 
 .text.panicPutChar
                0x0000000040086150       0x1e /home/yuggo/esp/workspace/BNO055/build/esp32/libesp32.a(panic.o)
 *fill*         0x000000004008616e        0x2 
 .text.panicPutStr
                0x0000000040086170       0x1a /home/yuggo/esp/workspace/BNO055/build/esp32/libesp32.a(panic.o)
 *fill*         0x000000004008618a        0x2 
 .text.panicPutHex
                0x000000004008618c       0x2c /home/yuggo/esp/workspace/BNO055/build/esp32/libesp32.a(panic.o)
                                         0x2f (size before relaxing)
 *fill*         0x00000000400861b8        0x0 
 .text.panicPutDec
                0x00000000400861b8       0x3c /home/yuggo/esp/workspace/BNO055/build/esp32/libesp32.a(panic.o)
                                         0x46 (size before relaxing)
 *fill*         0x00000000400861f4        0x0 
 .text.reconfigureAllWdts
                0x00000000400861f4       0xa8 /home/yuggo/esp/workspace/BNO055/build/esp32/libesp32.a(panic.o)
 .text.putEntry
                0x000000004008629c       0x2b /home/yuggo/esp/workspace/BNO055/build/esp32/libesp32.a(panic.o)
                                         0x37 (size before relaxing)
 *fill*         0x00000000400862c7        0x1 
 .text.doBacktrace
                0x00000000400862c8       0x71 /home/yuggo/esp/workspace/BNO055/build/esp32/libesp32.a(panic.o)
                                         0x78 (size before relaxing)
 *fill*         0x0000000040086339        0x3 
 .text.invoke_abort
                0x000000004008633c       0x1d /home/yuggo/esp/workspace/BNO055/build/esp32/libesp32.a(panic.o)
 *fill*         0x0000000040086359        0x3 
 .text.haltOtherCore
                0x000000004008635c       0x18 /home/yuggo/esp/workspace/BNO055/build/esp32/libesp32.a(panic.o)
 .text.esp_panic_wdt_start
                0x0000000040086374       0x84 /home/yuggo/esp/workspace/BNO055/build/esp32/libesp32.a(panic.o)
                                         0x88 (size before relaxing)
 .text.esp_panic_dig_reset
                0x00000000400863f8       0x33 /home/yuggo/esp/workspace/BNO055/build/esp32/libesp32.a(panic.o)
                                         0x37 (size before relaxing)
 *fill*         0x000000004008642b        0x1 
 .text.abort    0x000000004008642c       0x2a /home/yuggo/esp/workspace/BNO055/build/esp32/libesp32.a(panic.o)
                                         0x2d (size before relaxing)
                0x000000004008642c                abort
 *fill*         0x0000000040086456        0x2 
 .text.vApplicationStackOverflowHook
                0x0000000040086458       0x17 /home/yuggo/esp/workspace/BNO055/build/esp32/libesp32.a(panic.o)
                                         0x23 (size before relaxing)
                0x0000000040086458                vApplicationStackOverflowHook
 *fill*         0x000000004008646f        0x1 
 .text.esp_panic_wdt_stop
                0x0000000040086470       0x44 /home/yuggo/esp/workspace/BNO055/build/esp32/libesp32.a(panic.o)
                0x0000000040086470                esp_panic_wdt_stop
 .text.commonErrorHandler
                0x00000000400864b4       0x87 /home/yuggo/esp/workspace/BNO055/build/esp32/libesp32.a(panic.o)
                                         0xae (size before relaxing)
 *fill*         0x000000004008653b        0x1 
 .text.panicHandler
                0x000000004008653c       0xd3 /home/yuggo/esp/workspace/BNO055/build/esp32/libesp32.a(panic.o)
                                        0x102 (size before relaxing)
                0x000000004008653c                panicHandler
 *fill*         0x000000004008660f        0x1 
 .text.xt_unhandled_exception
                0x0000000040086610       0x6f /home/yuggo/esp/workspace/BNO055/build/esp32/libesp32.a(panic.o)
                                         0x99 (size before relaxing)
                0x0000000040086610                xt_unhandled_exception
 *fill*         0x000000004008667f        0x1 
 .text.esp_set_breakpoint_if_jtag
                0x0000000040086680        0xf /home/yuggo/esp/workspace/BNO055/build/esp32/libesp32.a(panic.o)
                                         0x16 (size before relaxing)
                0x0000000040086680                esp_set_breakpoint_if_jtag
 *fill*         0x000000004008668f        0x1 
 .text._esp_error_check_failed
                0x0000000040086690       0x3c /home/yuggo/esp/workspace/BNO055/build/esp32/libesp32.a(panic.o)
                                         0x43 (size before relaxing)
                0x0000000040086690                _esp_error_check_failed
 *fill*         0x00000000400866cc        0x0 
 *fill*         0x00000000400866cc        0x0 
 *fill*         0x00000000400866cc        0x0 
 *fill*         0x00000000400866cc        0x0 
 .text.setFirstBreakpoint
                0x00000000400866cc       0x13 /home/yuggo/esp/workspace/BNO055/build/esp32/libesp32.a(panic.o)
 *fill*         0x00000000400866df        0x0 
 *fill*         0x00000000400866df        0x0 
 *fill*         0x00000000400866df        0x0 
 *fill*         0x00000000400866df        0x0 
 *fill*         0x00000000400866df        0x0 
 *fill*         0x00000000400866df        0x0 
 *fill*         0x00000000400866df        0x0 
 *fill*         0x00000000400866df        0x0 
 *fill*         0x00000000400866df        0x0 
 *fill*         0x00000000400866df        0x0 
 *libesp32.a:core_dump.o(.literal .text .literal.* .text.*)
 *libesp32.a:heap_alloc_caps.o(.literal .text .literal.* .text.*)
 *fill*         0x00000000400866df        0x1 
 .text.disable_mem_region
                0x00000000400866e0       0xe2 /home/yuggo/esp/workspace/BNO055/build/esp32/libesp32.a(heap_alloc_caps.o)
 *fill*         0x00000000400867c2        0x2 
 .text.dram_alloc_to_iram_addr
                0x00000000400867c4       0x83 /home/yuggo/esp/workspace/BNO055/build/esp32/libesp32.a(heap_alloc_caps.o)
                                         0x8b (size before relaxing)
 *fill*         0x0000000040086847        0x1 
 .text.heap_alloc_enable_nonos_stack_tag
                0x0000000040086848        0xd /home/yuggo/esp/workspace/BNO055/build/esp32/libesp32.a(heap_alloc_caps.o)
                0x0000000040086848                heap_alloc_enable_nonos_stack_tag
 *fill*         0x0000000040086855        0x3 
 .text.heap_alloc_caps_init
                0x0000000040086858      0x11b /home/yuggo/esp/workspace/BNO055/build/esp32/libesp32.a(heap_alloc_caps.o)